Java HotSpot(TM) 64-Bit Server VM (25.45-b02) for linux-amd64 JRE (1.8.0_45-b14), built on Apr 10 2015 10:07:45 by "java_re" with gcc 4.3.0 20080428 (Red Hat 4.3.0-8)
Memory: 4k page, physical 8150396k(2612136k free), swap 12858364k(5736948k free)
CommandLine flags: -XX:InitialHeapSize=536870912 -XX:MaxHeapSize=536870912 -XX:+PrintGC -XX:+PrintGCDetails -XX:+PrintGCTimeStamps -XX:+UseCompressedClassPointers -XX:+UseCompressedOops -XX:+UseSerialGC 
0.206: [GC (Allocation Failure) 0.206: [DefNew: 139776K->17471K(157248K), 0.1093719 secs] 139776K->121463K(506816K), 0.1094836 secs] [Times: user=0.10 sys=0.02, real=0.11 secs] 
0.382: [GC (Allocation Failure) 0.382: [DefNew: 157247K->17471K(157248K), 0.1422282 secs] 261239K->259183K(506816K), 0.1423052 secs] [Times: user=0.13 sys=0.01, real=0.14 secs] 
0.578: [GC (Allocation Failure) 0.578: [DefNew: 157247K->157247K(157248K), 0.0000152 secs]0.578: [Tenured: 241711K->349567K(349568K), 0.2896624 secs] 398959K->398954K(506816K), [Metaspace: 3084K->3084K(1056768K)], 0.2897698 secs] [Times: user=0.27 sys=0.01, real=0.29 secs] 
1.002: [Full GC (Allocation Failure) 1.002: [Tenured: 349567K->35482K(349568K), 0.0736324 secs] 506815K->35482K(506816K), [Metaspace: 3087K->3087K(1056768K)], 0.0737164 secs] [Times: user=0.07 sys=0.00, real=0.07 secs] 
1.130: [GC (Allocation Failure) 1.130: [DefNew: 139776K->17471K(157248K), 0.0964527 secs] 175258K->173859K(506816K), 0.0965423 secs] [Times: user=0.10 sys=0.00, real=0.09 secs] 
1.284: [GC (Allocation Failure) 1.285: [DefNew: 157247K->17471K(157248K), 0.1259857 secs] 313635K->313617K(506816K), 0.1260728 secs] [Times: user=0.12 sys=0.00, real=0.13 secs] 
1.458: [GC (Allocation Failure) 1.458: [DefNew: 157247K->157247K(157248K), 0.0000156 secs]1.458: [Tenured: 296145K->349567K(349568K), 0.3021698 secs] 453393K->453391K(506816K), [Metaspace: 3087K->3087K(1056768K)], 0.3022773 secs] [Times: user=0.30 sys=0.00, real=0.30 secs] 
1.802: [Full GC (Allocation Failure) 1.803: [Tenured: 349567K->39614K(349568K), 0.0714457 secs] 506815K->39614K(506816K), [Metaspace: 3087K->3087K(1056768K)], 0.0715302 secs] [Times: user=0.07 sys=0.00, real=0.07 secs] 
1.918: [GC (Allocation Failure) 1.918: [DefNew: 139776K->17471K(157248K), 0.0983922 secs] 179390K->179367K(506816K), 0.0984785 secs] [Times: user=0.10 sys=0.00, real=0.09 secs] 
2.061: [GC (Allocation Failure) 2.061: [DefNew: 157247K->17471K(157248K), 0.1186527 secs] 319143K->319142K(506816K), 0.1187307 secs] [Times: user=0.12 sys=0.00, real=0.12 secs] 
2.228: [GC (Allocation Failure) 2.228: [DefNew: 157247K->157247K(157248K), 0.0000149 secs]2.228: [Tenured: 301670K->349567K(349568K), 0.2975681 secs] 458918K->457983K(506816K), [Metaspace: 3087K->3087K(1056768K)], 0.2976693 secs] [Times: user=0.30 sys=0.00, real=0.30 secs] 
2.562: [Full GC (Allocation Failure) 2.562: [Tenured: 349567K->39612K(349568K), 0.0650505 secs] 506815K->39612K(506816K), [Metaspace: 3087K->3087K(1056768K)], 0.0651384 secs] [Times: user=0.07 sys=0.00, real=0.06 secs] 
2.669: [GC (Allocation Failure) 2.669: [DefNew: 139776K->17472K(157248K), 0.0902996 secs] 179388K->179384K(506816K), 0.0903832 secs] [Times: user=0.09 sys=0.00, real=0.10 secs] 
2.803: [GC (Allocation Failure) 2.803: [DefNew: 157248K->17472K(157248K), 0.1153292 secs] 319160K->319152K(506816K), 0.1154035 secs] [Times: user=0.11 sys=0.00, real=0.12 secs] 
2.968: [GC (Allocation Failure) 2.968: [DefNew: 157248K->157248K(157248K), 0.0000202 secs]2.968: [Tenured: 301680K->349568K(349568K), 0.2989043 secs] 458928K->458909K(506816K), [Metaspace: 3087K->3087K(1056768K)], 0.2990297 secs] [Times: user=0.30 sys=0.00, real=0.30 secs] 
3.302: [Full GC (Allocation Failure) 3.302: [Tenured: 349568K->39020K(349568K), 0.0666979 secs] 506815K->39020K(506816K), [Metaspace: 3087K->3087K(1056768K)], 0.0667781 secs] [Times: user=0.07 sys=0.00, real=0.06 secs] 
3.415: [GC (Allocation Failure) 3.415: [DefNew: 139776K->17471K(157248K), 0.0970620 secs] 178796K->178765K(506816K), 0.0971461 secs] [Times: user=0.09 sys=0.00, real=0.10 secs] 
3.557: [GC (Allocation Failure) 3.558: [DefNew: 157247K->17471K(157248K), 0.1248462 secs] 318541K->318534K(506816K), 0.1249796 secs] [Times: user=0.12 sys=0.00, real=0.13 secs] 
3.737: [GC (Allocation Failure) 3.738: [DefNew: 157247K->157247K(157248K), 0.0000156 secs]3.738: [Tenured: 301062K->349567K(349568K), 0.3267746 secs] 458310K->458306K(506816K), [Metaspace: 3087K->3087K(1056768K)], 0.3268785 secs] [Times: user=0.31 sys=0.00, real=0.33 secs] 
4.098: [Full GC (Allocation Failure) 4.098: [Tenured: 349567K->39612K(349568K), 0.0678412 secs] 506815K->39612K(506816K), [Metaspace: 3087K->3087K(1056768K)], 0.0679240 secs] [Times: user=0.07 sys=0.00, real=0.07 secs] 
4.207: [GC (Allocation Failure) 4.207: [DefNew: 139776K->17471K(157248K), 0.0935628 secs] 179388K->179367K(506816K), 0.0936411 secs] [Times: user=0.09 sys=0.00, real=0.10 secs] 
4.346: [GC (Allocation Failure) 4.346: [DefNew: 157247K->17472K(157248K), 0.1163219 secs] 319143K->318757K(506816K), 0.1164170 secs] [Times: user=0.12 sys=0.00, real=0.12 secs] 
4.511: [GC (Allocation Failure) 4.511: [DefNew: 157248K->157248K(157248K), 0.0000161 secs]4.511: [Tenured: 301285K->349568K(349568K), 0.2959051 secs] 458533K->458532K(506816K), [Metaspace: 3087K->3087K(1056768K)], 0.2960063 secs] [Times: user=0.30 sys=0.00, real=0.29 secs] 
4.840: [Full GC (Allocation Failure) 4.840: [Tenured: 349568K->39611K(349568K), 0.0663275 secs] 506815K->39611K(506816K), [Metaspace: 3087K->3087K(1056768K)], 0.0664015 secs] [Times: user=0.07 sys=0.00, real=0.06 secs] 
4.949: [GC (Allocation Failure) 4.949: [DefNew: 139776K->17471K(157248K), 0.0896831 secs] 179387K->179354K(506816K), 0.0897720 secs] [Times: user=0.09 sys=0.00, real=0.10 secs] 
5.084: [GC (Allocation Failure) 5.084: [DefNew: 157247K->17472K(157248K), 0.1144370 secs] 319130K->319112K(506816K), 0.1145298 secs] [Times: user=0.11 sys=0.00, real=0.12 secs] 
5.248: [GC (Allocation Failure) 5.248: [DefNew: 157248K->157248K(157248K), 0.0000165 secs]5.248: [Tenured: 301640K->349568K(349568K), 0.2911166 secs] 458888K->458861K(506816K), [Metaspace: 3087K->3087K(1056768K)], 0.2912280 secs] [Times: user=0.29 sys=0.00, real=0.30 secs] 
5.572: [Full GC (Allocation Failure) 5.573: [Tenured: 349568K->39364K(349568K), 0.0658913 secs] 506815K->39364K(506816K), [Metaspace: 3087K->3087K(1056768K)], 0.0659744 secs] [Times: user=0.07 sys=0.00, real=0.07 secs] 
5.680: [GC (Allocation Failure) 5.680: [DefNew: 139776K->17471K(157248K), 0.0892237 secs] 179140K->179109K(506816K), 0.0893190 secs] [Times: user=0.09 sys=0.00, real=0.08 secs] 
5.812: [GC (Allocation Failure) 5.813: [DefNew: 157247K->17472K(157248K), 0.1239261 secs] 318885K->318864K(506816K), 0.1239997 secs] [Times: user=0.13 sys=0.00, real=0.12 secs] 
5.983: [GC (Allocation Failure) 5.983: [DefNew: 157248K->157248K(157248K), 0.0000243 secs]5.983: [Tenured: 301392K->349568K(349568K), 0.3017457 secs] 458640K->458632K(506816K), [Metaspace: 3087K->3087K(1056768K)], 0.3018586 secs] [Times: user=0.30 sys=0.00, real=0.30 secs] 
6.324: [Full GC (Allocation Failure) 6.324: [Tenured: 349568K->39611K(349568K), 0.0653593 secs] 506815K->39611K(506816K), [Metaspace: 3087K->3087K(1056768K)], 0.0654476 secs] [Times: user=0.06 sys=0.00, real=0.06 secs] 
6.431: [GC (Allocation Failure) 6.431: [DefNew: 139776K->17472K(157248K), 0.0889638 secs] 179387K->179360K(506816K), 0.0890403 secs] [Times: user=0.09 sys=0.00, real=0.09 secs] 
6.564: [GC (Allocation Failure) 6.564: [DefNew: 157248K->17472K(157248K), 0.1136559 secs] 319136K->318944K(506816K), 0.1137417 secs] [Times: user=0.11 sys=0.00, real=0.11 secs] 
6.724: [GC (Allocation Failure) 6.724: [DefNew: 157248K->157248K(157248K), 0.0000250 secs]6.724: [Tenured: 301472K->349568K(349568K), 0.2930411 secs] 458720K->458712K(506816K), [Metaspace: 3087K->3087K(1056768K)], 0.2931884 secs] [Times: user=0.29 sys=0.00, real=0.29 secs] 
7.050: [Full GC (Allocation Failure) 7.050: [Tenured: 349568K->39611K(349568K), 0.0663914 secs] 506815K->39611K(506816K), [Metaspace: 3087K->3087K(1056768K)], 0.0664644 secs] [Times: user=0.07 sys=0.00, real=0.06 secs] 
7.158: [GC (Allocation Failure) 7.158: [DefNew: 139776K->17472K(157248K), 0.0939735 secs] 179387K->179359K(506816K), 0.0940738 secs] [Times: user=0.09 sys=0.00, real=0.09 secs] 
7.296: [GC (Allocation Failure) 7.296: [DefNew: 157248K->17472K(157248K), 0.1169394 secs] 319135K->319129K(506816K), 0.1170255 secs] [Times: user=0.12 sys=0.00, real=0.12 secs] 
7.460: [GC (Allocation Failure) 7.460: [DefNew: 157248K->157248K(157248K), 0.0000166 secs]7.460: [Tenured: 301657K->349568K(349568K), 0.2948176 secs] 458905K->458901K(506816K), [Metaspace: 3087K->3087K(1056768K)], 0.2949423 secs] [Times: user=0.30 sys=0.00, real=0.29 secs] 
7.793: [Full GC (Allocation Failure) 7.793: [Tenured: 349568K->39507K(349568K), 0.0668495 secs] 506815K->39507K(506816K), [Metaspace: 3087K->3087K(1056768K)], 0.0669362 secs] [Times: user=0.07 sys=0.00, real=0.07 secs] 
7.903: [GC (Allocation Failure) 7.903: [DefNew: 139776K->17471K(157248K), 0.0906348 secs] 179283K->179280K(506816K), 0.0907008 secs] [Times: user=0.09 sys=0.00, real=0.09 secs] 
8.038: [GC (Allocation Failure) 8.038: [DefNew: 157247K->17471K(157248K), 0.1193769 secs] 319056K->319032K(506816K), 0.1194488 secs] [Times: user=0.12 sys=0.00, real=0.11 secs] 
8.206: [GC (Allocation Failure) 8.206: [DefNew: 157247K->157247K(157248K), 0.0000160 secs]8.206: [Tenured: 301560K->349567K(349568K), 0.3012729 secs] 458808K->458806K(506816K), [Metaspace: 3087K->3087K(1056768K)], 0.3013744 secs] [Times: user=0.30 sys=0.00, real=0.30 secs] 
8.543: [Full GC (Allocation Failure) 8.543: [Tenured: 349567K->39614K(349568K), 0.0672007 secs] 506815K->39614K(506816K), [Metaspace: 3087K->3087K(1056768K)], 0.0672746 secs] [Times: user=0.06 sys=0.00, real=0.06 secs] 
8.652: [GC (Allocation Failure) 8.652: [DefNew: 139776K->17471K(157248K), 0.0901169 secs] 179390K->179388K(506816K), 0.0901864 secs] [Times: user=0.09 sys=0.00, real=0.09 secs] 
8.787: [GC (Allocation Failure) 8.787: [DefNew: 157247K->17471K(157248K), 0.1182090 secs] 319164K->319093K(506816K), 0.1182904 secs] [Times: user=0.12 sys=0.00, real=0.12 secs] 
8.953: [GC (Allocation Failure) 8.953: [DefNew: 157247K->157247K(157248K), 0.0000163 secs]8.953: [Tenured: 301621K->349567K(349568K), 0.2944968 secs] 458869K->458862K(506816K), [Metaspace: 3087K->3087K(1056768K)], 0.2945992 secs] [Times: user=0.30 sys=0.00, real=0.29 secs] 
9.284: [Full GC (Allocation Failure) 9.284: [Tenured: 349567K->39613K(349568K), 0.0679228 secs] 506815K->39613K(506816K), [Metaspace: 3087K->3087K(1056768K)], 0.0680051 secs] [Times: user=0.07 sys=0.00, real=0.07 secs] 
9.394: [GC (Allocation Failure) 9.394: [DefNew: 139776K->17471K(157248K), 0.0911028 secs] 179389K->179377K(506816K), 0.0912003 secs] [Times: user=0.10 sys=0.00, real=0.09 secs] 
9.529: [GC (Allocation Failure) 9.529: [DefNew: 157247K->17471K(157248K), 0.1164163 secs] 319153K->319137K(506816K), 0.1164910 secs] [Times: user=0.12 sys=0.00, real=0.12 secs] 
9.693: [GC (Allocation Failure) 9.693: [DefNew: 157247K->157247K(157248K), 0.0000170 secs]9.693: [Tenured: 301665K->349567K(349568K), 0.3234423 secs] 458913K->458896K(506816K), [Metaspace: 3087K->3087K(1056768K)], 0.3235590 secs] [Times: user=0.32 sys=0.00, real=0.32 secs] 
10.052: [Full GC (Allocation Failure) 10.052: [Tenured: 349567K->39568K(349568K), 0.0689891 secs] 506815K->39568K(506816K), [Metaspace: 3087K->3087K(1056768K)], 0.0690690 secs] [Times: user=0.07 sys=0.00, real=0.07 secs] 
10.164: [GC (Allocation Failure) 10.164: [DefNew: 139776K->17472K(157248K), 0.0931197 secs] 179344K->179329K(506816K), 0.0931971 secs] [Times: user=0.09 sys=0.00, real=0.09 secs] 
10.303: [GC (Allocation Failure) 10.303: [DefNew: 157248K->17471K(157248K), 0.1172327 secs] 319105K->319076K(506816K), 0.1173208 secs] [Times: user=0.12 sys=0.00, real=0.12 secs] 
10.467: [GC (Allocation Failure) 10.467: [DefNew: 157247K->157247K(157248K), 0.0000164 secs]10.467: [Tenured: 301604K->349567K(349568K), 0.2986624 secs] 458852K->458850K(506816K), [Metaspace: 3087K->3087K(1056768K)], 0.2987871 secs] [Times: user=0.30 sys=0.00, real=0.30 secs] 
10.800: [Full GC (Allocation Failure) 10.800: [Tenured: 349567K->39613K(349568K), 0.0665786 secs] 506815K->39613K(506816K), [Metaspace: 3087K->3087K(1056768K)], 0.0666594 secs] [Times: user=0.07 sys=0.00, real=0.06 secs] 
10.909: [GC (Allocation Failure) 10.909: [DefNew: 139776K->17472K(157248K), 0.0889848 secs] 179389K->179375K(506816K), 0.0890683 secs] [Times: user=0.09 sys=0.00, real=0.09 secs] 
11.041: [GC (Allocation Failure) 11.041: [DefNew: 157248K->17472K(157248K), 0.1146609 secs] 319151K->319105K(506816K), 0.1147369 secs] [Times: user=0.11 sys=0.00, real=0.11 secs] 
11.204: [GC (Allocation Failure) 11.204: [DefNew: 157248K->157248K(157248K), 0.0000196 secs]11.204: [Tenured: 301633K->349568K(349568K), 0.2926731 secs] 458881K->458875K(506816K), [Metaspace: 3087K->3087K(1056768K)], 0.2927883 secs] [Times: user=0.29 sys=0.00, real=0.29 secs] 
11.530: [Full GC (Allocation Failure) 11.530: [Tenured: 349568K->39613K(349568K), 0.0697790 secs] 506815K->39613K(506816K), [Metaspace: 3087K->3087K(1056768K)], 0.0698576 secs] [Times: user=0.07 sys=0.00, real=0.08 secs] 
11.641: [GC (Allocation Failure) 11.641: [DefNew: 139776K->17471K(157248K), 0.0893286 secs] 179389K->179384K(506816K), 0.0894088 secs] [Times: user=0.09 sys=0.00, real=0.09 secs] 
11.774: [GC (Allocation Failure) 11.774: [DefNew: 157247K->17472K(157248K), 0.1132011 secs] 319160K->319144K(506816K), 0.1132792 secs] [Times: user=0.12 sys=0.00, real=0.11 secs] 
11.936: [GC (Allocation Failure) 11.936: [DefNew: 157248K->157248K(157248K), 0.0000202 secs]11.936: [Tenured: 301672K->349568K(349568K), 0.2966428 secs] 458920K->458904K(506816K), [Metaspace: 3087K->3087K(1056768K)], 0.2967598 secs] [Times: user=0.30 sys=0.00, real=0.30 secs] 
12.266: [Full GC (Allocation Failure) 12.266: [Tenured: 349568K->39593K(349568K), 0.0653369 secs] 506815K->39593K(506816K), [Metaspace: 3087K->3087K(1056768K)], 0.0654106 secs] [Times: user=0.06 sys=0.00, real=0.07 secs] 
12.378: [GC (Allocation Failure) 12.378: [DefNew: 139776K->17471K(157248K), 0.0920542 secs] 179369K->179346K(506816K), 0.0921358 secs] [Times: user=0.10 sys=0.00, real=0.09 secs] 
12.516: [GC (Allocation Failure) 12.516: [DefNew: 157247K->17471K(157248K), 0.1155901 secs] 319122K->319092K(506816K), 0.1156636 secs] [Times: user=0.12 sys=0.00, real=0.12 secs] 
12.689: [GC (Allocation Failure) 12.689: [DefNew: 157247K->157247K(157248K), 0.0000171 secs]12.689: [Tenured: 301620K->349567K(349568K), 0.2940593 secs] 458868K->458866K(506816K), [Metaspace: 3087K->3087K(1056768K)], 0.2941823 secs] [Times: user=0.29 sys=0.00, real=0.30 secs] 
13.019: [Full GC (Allocation Failure) 13.019: [Tenured: 349567K->39613K(349568K), 0.0650555 secs] 506815K->39613K(506816K), [Metaspace: 3087K->3087K(1056768K)], 0.0651345 secs] [Times: user=0.07 sys=0.00, real=0.06 secs] 
13.131: [GC (Allocation Failure) 13.131: [DefNew: 139776K->17471K(157248K), 0.0924125 secs] 179389K->179382K(506816K), 0.0924947 secs] [Times: user=0.09 sys=0.00, real=0.09 secs] 
13.270: [GC (Allocation Failure) 13.270: [DefNew: 157247K->17471K(157248K), 0.1145256 secs] 319158K->319129K(506816K), 0.1146093 secs] [Times: user=0.11 sys=0.00, real=0.11 secs] 
13.432: [GC (Allocation Failure) 13.432: [DefNew: 157247K->157247K(157248K), 0.0000166 secs]13.432: [Tenured: 301657K->349567K(349568K), 0.3022749 secs] 458905K->458893K(506816K), [Metaspace: 3088K->3088K(1056768K)], 0.3023856 secs] [Times: user=0.30 sys=0.00, real=0.30 secs] 
13.768: [Full GC (Allocation Failure) 13.768: [Tenured: 349567K->39613K(349568K), 0.0679312 secs] 506815K->39613K(506816K), [Metaspace: 3088K->3088K(1056768K)], 0.0680162 secs] [Times: user=0.07 sys=0.00, real=0.07 secs] 
13.878: [GC (Allocation Failure) 13.878: [DefNew: 139776K->17471K(157248K), 0.0959446 secs] 179389K->179387K(506816K), 0.0960181 secs] [Times: user=0.10 sys=0.00, real=0.09 secs] 
14.019: [GC (Allocation Failure) 14.019: [DefNew: 157247K->17471K(157248K), 0.1164561 secs] 319163K->319150K(506816K), 0.1165322 secs] [Times: user=0.12 sys=0.00, real=0.11 secs] 
14.184: [GC (Allocation Failure) 14.184: [DefNew: 157247K->157247K(157248K), 0.0000162 secs]14.184: [Tenured: 301678K->349567K(349568K), 0.2962917 secs] 458926K->458911K(506816K), [Metaspace: 3088K->3088K(1056768K)], 0.2964074 secs] [Times: user=0.29 sys=0.00, real=0.30 secs] 
14.513: [Full GC (Allocation Failure) 14.513: [Tenured: 349567K->39605K(349568K), 0.0678325 secs] 506815K->39605K(506816K), [Metaspace: 3088K->3088K(1056768K)], 0.0679321 secs] [Times: user=0.07 sys=0.00, real=0.07 secs] 
14.622: [GC (Allocation Failure) 14.622: [DefNew: 139776K->17471K(157248K), 0.0917411 secs] 179381K->179355K(506816K), 0.0918272 secs] [Times: user=0.09 sys=0.00, real=0.09 secs] 
14.758: [GC (Allocation Failure) 14.758: [DefNew: 157247K->17471K(157248K), 0.1138177 secs] 319131K->319101K(506816K), 0.1139097 secs] [Times: user=0.12 sys=0.00, real=0.11 secs] 
14.919: [GC (Allocation Failure) 14.919: [DefNew: 157247K->157247K(157248K), 0.0000169 secs]14.919: [Tenured: 301629K->349567K(349568K), 0.3067668 secs] 458877K->458875K(506816K), [Metaspace: 3088K->3088K(1056768K)], 0.3068754 secs] [Times: user=0.31 sys=0.00, real=0.30 secs] 
15.259: [Full GC (Allocation Failure) 15.259: [Tenured: 349567K->39613K(349568K), 0.0698941 secs] 506815K->39613K(506816K), [Metaspace: 3088K->3088K(1056768K)], 0.0699742 secs] [Times: user=0.08 sys=0.00, real=0.06 secs] 
15.371: [GC (Allocation Failure) 15.371: [DefNew: 139776K->17472K(157248K), 0.1004910 secs] 179389K->179386K(506816K), 0.1005626 secs] [Times: user=0.10 sys=0.00, real=0.10 secs] 
15.525: [GC (Allocation Failure) 15.525: [DefNew: 157248K->17471K(157248K), 0.1178067 secs] 319162K->319142K(506816K), 0.1178752 secs] [Times: user=0.12 sys=0.00, real=0.12 secs] 
15.690: [GC (Allocation Failure) 15.690: [DefNew: 157247K->157247K(157248K), 0.0000161 secs]15.690: [Tenured: 301670K->349567K(349568K), 0.2965044 secs] 458918K->458903K(506816K), [Metaspace: 3088K->3088K(1056768K)], 0.2965948 secs] [Times: user=0.29 sys=0.00, real=0.29 secs] 
16.022: [Full GC (Allocation Failure) 16.022: [Tenured: 349567K->39613K(349568K), 0.0687707 secs] 506815K->39613K(506816K), [Metaspace: 3088K->3088K(1056768K)], 0.0688638 secs] [Times: user=0.07 sys=0.00, real=0.07 secs] 
16.132: [GC (Allocation Failure) 16.132: [DefNew: 139776K->17471K(157248K), 0.0944480 secs] 179389K->179356K(506816K), 0.0945216 secs] [Times: user=0.09 sys=0.00, real=0.09 secs] 
16.273: [GC (Allocation Failure) 16.273: [DefNew: 157247K->17472K(157248K), 0.1142891 secs] 319132K->319130K(506816K), 0.1143586 secs] [Times: user=0.11 sys=0.00, real=0.11 secs] 
16.435: [GC (Allocation Failure) 16.435: [DefNew: 157248K->157248K(157248K), 0.0000164 secs]16.435: [Tenured: 301658K->349568K(349568K), 0.2967430 secs] 458906K->458895K(506816K), [Metaspace: 3088K->3088K(1056768K)], 0.2968554 secs] [Times: user=0.30 sys=0.00, real=0.30 secs] 
16.765: [Full GC (Allocation Failure) 16.765: [Tenured: 349568K->39609K(349568K), 0.0663475 secs] 506815K->39609K(506816K), [Metaspace: 3089K->3089K(1056768K)], 0.0664220 secs] [Times: user=0.07 sys=0.00, real=0.07 secs] 
16.873: [GC (Allocation Failure) 16.873: [DefNew: 139776K->17471K(157248K), 0.0877221 secs] 179385K->179351K(506816K), 0.0878325 secs] [Times: user=0.09 sys=0.00, real=0.09 secs] 
17.004: [GC (Allocation Failure) 17.004: [DefNew: 157247K->17472K(157248K), 0.1119883 secs] 319127K->319125K(506816K), 0.1120710 secs] [Times: user=0.11 sys=0.00, real=0.11 secs] 
17.166: [GC (Allocation Failure) 17.166: [DefNew: 157248K->157248K(157248K), 0.0000152 secs]17.166: [Tenured: 301653K->349568K(349568K), 0.2907386 secs] 458901K->458890K(506816K), [Metaspace: 3089K->3089K(1056768K)], 0.2908451 secs] [Times: user=0.29 sys=0.00, real=0.29 secs] 
17.491: [Full GC (Allocation Failure) 17.491: [Tenured: 349568K->39613K(349568K), 0.0677097 secs] 506815K->39613K(506816K), [Metaspace: 3089K->3089K(1056768K)], 0.0678065 secs] [Times: user=0.07 sys=0.00, real=0.07 secs] 
17.602: [GC (Allocation Failure) 17.602: [DefNew: 139776K->17471K(157248K), 0.0884367 secs] 179389K->179386K(506816K), 0.0885123 secs] [Times: user=0.09 sys=0.00, real=0.09 secs] 
17.734: [GC (Allocation Failure) 17.734: [DefNew: 157247K->17472K(157248K), 0.1123987 secs] 319162K->319147K(506816K), 0.1124756 secs] [Times: user=0.12 sys=0.00, real=0.11 secs] 
17.894: [GC (Allocation Failure) 17.894: [DefNew: 157248K->157248K(157248K), 0.0000178 secs]17.894: [Tenured: 301675K->349568K(349568K), 0.2928764 secs] 458923K->458908K(506816K), [Metaspace: 3089K->3089K(1056768K)], 0.2930013 secs] [Times: user=0.30 sys=0.00, real=0.29 secs] 
18.221: [Full GC (Allocation Failure) 18.221: [Tenured: 349568K->39613K(349568K), 0.0667513 secs] 506815K->39613K(506816K), [Metaspace: 3089K->3089K(1056768K)], 0.0668291 secs] [Times: user=0.07 sys=0.00, real=0.06 secs] 
18.330: [GC (Allocation Failure) 18.330: [DefNew: 139776K->17471K(157248K), 0.0859216 secs] 179389K->179358K(506816K), 0.0859967 secs] [Times: user=0.08 sys=0.00, real=0.08 secs] 
18.462: [GC (Allocation Failure) 18.462: [DefNew: 157247K->17472K(157248K), 0.1154722 secs] 319134K->319133K(506816K), 0.1155520 secs] [Times: user=0.11 sys=0.00, real=0.11 secs] 
18.625: [GC (Allocation Failure) 18.625: [DefNew: 157248K->157248K(157248K), 0.0000168 secs]18.625: [Tenured: 301661K->349568K(349568K), 0.2906519 secs] 458909K->458898K(506816K), [Metaspace: 3089K->3089K(1056768K)], 0.2907653 secs] [Times: user=0.29 sys=0.00, real=0.29 secs] 
18.950: [Full GC (Allocation Failure) 18.950: [Tenured: 349568K->39611K(349568K), 0.0690642 secs] 506815K->39611K(506816K), [Metaspace: 3089K->3089K(1056768K)], 0.0691481 secs] [Times: user=0.06 sys=0.00, real=0.07 secs] 
19.061: [GC (Allocation Failure) 19.061: [DefNew: 139776K->17471K(157248K), 0.0879529 secs] 179387K->179354K(506816K), 0.0880374 secs] [Times: user=0.09 sys=0.00, real=0.08 secs] 
19.195: [GC (Allocation Failure) 19.195: [DefNew: 157247K->17471K(157248K), 0.1144091 secs] 319130K->319097K(506816K), 0.1144958 secs] [Times: user=0.12 sys=0.00, real=0.11 secs] 
19.357: [GC (Allocation Failure) 19.357: [DefNew: 157247K->157247K(157248K), 0.0000182 secs]19.357: [Tenured: 301625K->349567K(349568K), 0.2903990 secs] 458873K->458872K(506816K), [Metaspace: 3089K->3089K(1056768K)], 0.2905181 secs] [Times: user=0.30 sys=0.00, real=0.29 secs] 
19.680: [Full GC (Allocation Failure) 19.680: [Tenured: 349567K->39613K(349568K), 0.0701615 secs] 506815K->39613K(506816K), [Metaspace: 3089K->3089K(1056768K)], 0.0702409 secs] [Times: user=0.07 sys=0.00, real=0.07 secs] 
19.792: [GC (Allocation Failure) 19.792: [DefNew: 139776K->17471K(157248K), 0.0869835 secs] 179389K->179384K(506816K), 0.0870581 secs] [Times: user=0.09 sys=0.00, real=0.09 secs] 
19.923: [GC (Allocation Failure) 19.923: [DefNew: 157247K->17471K(157248K), 0.1131934 secs] 319160K->319143K(506816K), 0.1132673 secs] [Times: user=0.11 sys=0.00, real=0.11 secs] 
20.083: [GC (Allocation Failure) 20.083: [DefNew: 157247K->157247K(157248K), 0.0000178 secs]20.083: [Tenured: 301671K->349567K(349568K), 0.2991553 secs] 458919K->458903K(506816K), [Metaspace: 3089K->3089K(1056768K)], 0.2992773 secs] [Times: user=0.30 sys=0.00, real=0.30 secs] 
20.422: [Full GC (Allocation Failure) 20.422: [Tenured: 349567K->39613K(349568K), 0.0726028 secs] 506815K->39613K(506816K), [Metaspace: 3089K->3089K(1056768K)], 0.0726936 secs] [Times: user=0.07 sys=0.00, real=0.07 secs] 
20.537: [GC (Allocation Failure) 20.537: [DefNew: 139776K->17471K(157248K), 0.0915167 secs] 179389K->179356K(506816K), 0.0916175 secs] [Times: user=0.10 sys=0.00, real=0.09 secs] 
20.673: [GC (Allocation Failure) 20.673: [DefNew: 157247K->17471K(157248K), 0.1131147 secs] 319132K->319100K(506816K), 0.1131861 secs] [Times: user=0.11 sys=0.00, real=0.11 secs] 
20.834: [GC (Allocation Failure) 20.834: [DefNew: 157247K->157247K(157248K), 0.0000178 secs]20.834: [Tenured: 301628K->349567K(349568K), 0.2902953 secs] 458876K->458875K(506816K), [Metaspace: 3089K->3089K(1056768K)], 0.2904004 secs] [Times: user=0.29 sys=0.00, real=0.29 secs] 
21.160: [Full GC (Allocation Failure) 21.160: [Tenured: 349567K->39612K(349568K), 0.0664783 secs] 506815K->39612K(506816K), [Metaspace: 3089K->3089K(1056768K)], 0.0665721 secs] [Times: user=0.06 sys=0.00, real=0.06 secs] 
21.268: [GC (Allocation Failure) 21.268: [DefNew: 139776K->17471K(157248K), 0.0875279 secs] 179388K->179384K(506816K), 0.0876059 secs] [Times: user=0.08 sys=0.00, real=0.09 secs] 
21.399: [GC (Allocation Failure) 21.399: [DefNew: 157247K->17472K(157248K), 0.1123184 secs] 319160K->319145K(506816K), 0.1124044 secs] [Times: user=0.11 sys=0.00, real=0.11 secs] 
21.558: [GC (Allocation Failure) 21.558: [DefNew: 157248K->157248K(157248K), 0.0000166 secs]21.558: [Tenured: 301673K->349568K(349568K), 0.2948970 secs] 458921K->458905K(506816K), [Metaspace: 3089K->3089K(1056768K)], 0.2950063 secs] [Times: user=0.30 sys=0.00, real=0.30 secs] 
21.887: [Full GC (Allocation Failure) 21.887: [Tenured: 349568K->39612K(349568K), 0.0650798 secs] 506815K->39612K(506816K), [Metaspace: 3089K->3089K(1056768K)], 0.0651639 secs] [Times: user=0.06 sys=0.00, real=0.07 secs] 
21.998: [GC (Allocation Failure) 21.998: [DefNew: 139776K->17472K(157248K), 0.0898152 secs] 179388K->179356K(506816K), 0.0898945 secs] [Times: user=0.10 sys=0.00, real=0.09 secs] 
22.131: [GC (Allocation Failure) 22.131: [DefNew: 157248K->17472K(157248K), 0.1177708 secs] 319132K->319128K(506816K), 0.1178449 secs] [Times: user=0.12 sys=0.00, real=0.11 secs] 
22.296: [GC (Allocation Failure) 22.296: [DefNew: 157248K->157248K(157248K), 0.0000167 secs]22.296: [Tenured: 301656K->349568K(349568K), 0.2976201 secs] 458904K->458894K(506816K), [Metaspace: 3089K->3089K(1056768K)], 0.2977344 secs] [Times: user=0.30 sys=0.00, real=0.30 secs] 
22.627: [Full GC (Allocation Failure) 22.627: [Tenured: 349568K->39613K(349568K), 0.0660564 secs] 506815K->39613K(506816K), [Metaspace: 3089K->3089K(1056768K)], 0.0661320 secs] [Times: user=0.06 sys=0.00, real=0.07 secs] 
22.734: [GC (Allocation Failure) 22.734: [DefNew: 139776K->17471K(157248K), 0.0895589 secs] 179389K->179386K(506816K), 0.0896353 secs] [Times: user=0.09 sys=0.00, real=0.09 secs] 
22.869: [GC (Allocation Failure) 22.869: [DefNew: 157247K->17471K(157248K), 0.1173654 secs] 319162K->319150K(506816K), 0.1174412 secs] [Times: user=0.12 sys=0.00, real=0.12 secs] 
23.038: [GC (Allocation Failure) 23.038: [DefNew: 157247K->157247K(157248K), 0.0000164 secs]23.038: [Tenured: 301678K->349567K(349568K), 0.2931231 secs] 458926K->458911K(506816K), [Metaspace: 3089K->3089K(1056768K)], 0.2932392 secs] [Times: user=0.30 sys=0.00, real=0.30 secs] 
23.364: [Full GC (Allocation Failure) 23.364: [Tenured: 349567K->39611K(349568K), 0.0731606 secs] 506815K->39611K(506816K), [Metaspace: 3089K->3089K(1056768K)], 0.0732500 secs] [Times: user=0.07 sys=0.00, real=0.07 secs] 
23.480: [GC (Allocation Failure) 23.480: [DefNew: 139776K->17471K(157248K), 0.0912673 secs] 179387K->179358K(506816K), 0.0913477 secs] [Times: user=0.09 sys=0.00, real=0.09 secs] 
23.622: [GC (Allocation Failure) 23.622: [DefNew: 157247K->17471K(157248K), 0.1217944 secs] 319134K->319133K(506816K), 0.1218722 secs] [Times: user=0.12 sys=0.00, real=0.12 secs] 
23.792: [GC (Allocation Failure) 23.792: [DefNew: 157247K->157247K(157248K), 0.0000175 secs]23.792: [Tenured: 301661K->349567K(349568K), 0.2890615 secs] 458909K->458899K(506816K), [Metaspace: 3089K->3089K(1056768K)], 0.2891877 secs] [Times: user=0.29 sys=0.00, real=0.29 secs] 
24.118: [Full GC (Allocation Failure) 24.118: [Tenured: 349567K->39613K(349568K), 0.0646230 secs] 506815K->39613K(506816K), [Metaspace: 3089K->3089K(1056768K)], 0.0647277 secs] [Times: user=0.07 sys=0.00, real=0.06 secs] 
24.225: [GC (Allocation Failure) 24.226: [DefNew: 139776K->17471K(157248K), 0.0884725 secs] 179389K->179355K(506816K), 0.0885397 secs] [Times: user=0.09 sys=0.00, real=0.09 secs] 
24.359: [GC (Allocation Failure) 24.359: [DefNew: 157247K->17471K(157248K), 0.1126762 secs] 319131K->319126K(506816K), 0.1127666 secs] [Times: user=0.12 sys=0.00, real=0.11 secs] 
24.518: [GC (Allocation Failure) 24.518: [DefNew: 157247K->157247K(157248K), 0.0000163 secs]24.518: [Tenured: 301654K->349567K(349568K), 0.2907645 secs] 458902K->458892K(506816K), [Metaspace: 3089K->3089K(1056768K)], 0.2908769 secs] [Times: user=0.29 sys=0.00, real=0.28 secs] 
24.842: [Full GC (Allocation Failure) 24.842: [Tenured: 349567K->39613K(349568K), 0.0647117 secs] 506815K->39613K(506816K), [Metaspace: 3089K->3089K(1056768K)], 0.0647968 secs] [Times: user=0.07 sys=0.00, real=0.06 secs] 
24.956: [GC (Allocation Failure) 24.957: [DefNew: 139776K->17472K(157248K), 0.0880033 secs] 179389K->179387K(506816K), 0.0880827 secs] [Times: user=0.09 sys=0.00, real=0.09 secs] 
25.095: [GC (Allocation Failure) 25.095: [DefNew: 157248K->17472K(157248K), 0.1128202 secs] 319163K->319150K(506816K), 0.1128935 secs] [Times: user=0.11 sys=0.00, real=0.11 secs] 
25.259: [GC (Allocation Failure) 25.259: [DefNew: 157248K->157248K(157248K), 0.0000169 secs]25.259: [Tenured: 301678K->349568K(349568K), 0.2921919 secs] 458926K->458911K(506816K), [Metaspace: 3089K->3089K(1056768K)], 0.2922938 secs] [Times: user=0.30 sys=0.00, real=0.29 secs] 
Heap
 def new generation   total 157248K, used 117517K [0x00000000e0000000, 0x00000000eaaa0000, 0x00000000eaaa0000)
  eden space 139776K,  84% used [0x00000000e0000000, 0x00000000e72c3518, 0x00000000e8880000)
  from space 17472K,   0% used [0x00000000e8880000, 0x00000000e8880000, 0x00000000e9990000)
  to   space 17472K,   0% used [0x00000000e9990000, 0x00000000e9990000, 0x00000000eaaa0000)
 tenured generation   total 349568K, used 349568K [0x00000000eaaa0000, 0x0000000100000000, 0x0000000100000000)
   the space 349568K, 100% used [0x00000000eaaa0000, 0x0000000100000000, 0x0000000100000000, 0x0000000100000000)
 Metaspace       used 3097K, capacity 4500K, committed 4864K, reserved 1056768K
  class space    used 336K, capacity 388K, committed 512K, reserved 1048576K
