Java HotSpot(TM) 64-Bit Server VM (25.45-b02) for linux-amd64 JRE (1.8.0_45-b14), built on Apr 10 2015 10:07:45 by "java_re" with gcc 4.3.0 20080428 (Red Hat 4.3.0-8)
Memory: 4k page, physical 8150396k(2972408k free), swap 12858364k(5688588k free)
CommandLine flags: -XX:InitialHeapSize=536870912 -XX:MaxHeapSize=536870912 -XX:+PrintGC -XX:+PrintGCDetails -XX:+PrintGCTimeStamps -XX:+UseCompressedClassPointers -XX:+UseCompressedOops -XX:+UseSerialGC 
0.194: [GC (Allocation Failure) 0.195: [DefNew: 139776K->17471K(157248K), 0.0944579 secs] 139776K->121462K(506816K), 0.0945403 secs] [Times: user=0.07 sys=0.02, real=0.09 secs] 
0.367: [GC (Allocation Failure) 0.367: [DefNew: 157247K->17471K(157248K), 0.1477202 secs] 261238K->259183K(506816K), 0.1477992 secs] [Times: user=0.14 sys=0.00, real=0.15 secs] 
0.568: [GC (Allocation Failure) 0.568: [DefNew: 157247K->157247K(157248K), 0.0000158 secs]0.569: [Tenured: 241711K->349567K(349568K), 0.2774939 secs] 398959K->398954K(506816K), [Metaspace: 3084K->3084K(1056768K)], 0.2775986 secs] [Times: user=0.26 sys=0.01, real=0.28 secs] 
0.955: [Full GC (Allocation Failure) 0.955: [Tenured: 349567K->35484K(349568K), 0.0864161 secs] 506815K->35484K(506816K), [Metaspace: 3085K->3085K(1056768K)], 0.0864972 secs] [Times: user=0.09 sys=0.00, real=0.09 secs] 
1.100: [GC (Allocation Failure) 1.100: [DefNew: 139776K->17471K(157248K), 0.1035364 secs] 175260K->173861K(506816K), 0.1036206 secs] [Times: user=0.11 sys=0.00, real=0.10 secs] 
1.250: [GC (Allocation Failure) 1.250: [DefNew: 157247K->17471K(157248K), 0.1323672 secs] 313637K->312223K(506816K), 0.1324558 secs] [Times: user=0.13 sys=0.00, real=0.14 secs] 
1.437: [GC (Allocation Failure) 1.438: [DefNew: 157247K->157247K(157248K), 0.0000163 secs]1.438: [Tenured: 294751K->349567K(349568K), 0.2993328 secs] 451999K->451973K(506816K), [Metaspace: 3085K->3085K(1056768K)], 0.2994298 secs] [Times: user=0.30 sys=0.00, real=0.30 secs] 
1.777: [Full GC (Allocation Failure) 1.777: [Tenured: 349567K->39610K(349568K), 0.0709022 secs] 506815K->39610K(506816K), [Metaspace: 3085K->3085K(1056768K)], 0.0709763 secs] [Times: user=0.07 sys=0.00, real=0.07 secs] 
1.892: [GC (Allocation Failure) 1.892: [DefNew: 139776K->17471K(157248K), 0.0925944 secs] 179386K->179370K(506816K), 0.0926652 secs] [Times: user=0.10 sys=0.00, real=0.10 secs] 
2.030: [GC (Allocation Failure) 2.030: [DefNew: 157247K->17471K(157248K), 0.1154943 secs] 319146K->319129K(506816K), 0.1155772 secs] [Times: user=0.12 sys=0.00, real=0.12 secs] 
2.195: [GC (Allocation Failure) 2.195: [DefNew: 157247K->157247K(157248K), 0.0000163 secs]2.195: [Tenured: 301657K->349567K(349568K), 0.2952934 secs] 458905K->458904K(506816K), [Metaspace: 3085K->3085K(1056768K)], 0.2954062 secs] [Times: user=0.30 sys=0.00, real=0.29 secs] 
2.522: [Full GC (Allocation Failure) 2.522: [Tenured: 349567K->38703K(349568K), 0.0684636 secs] 506815K->38703K(506816K), [Metaspace: 3085K->3085K(1056768K)], 0.0685468 secs] [Times: user=0.07 sys=0.00, real=0.06 secs] 
2.633: [GC (Allocation Failure) 2.633: [DefNew: 139776K->17472K(157248K), 0.0928991 secs] 178479K->178454K(506816K), 0.0929692 secs] [Times: user=0.10 sys=0.00, real=0.09 secs] 
2.776: [GC (Allocation Failure) 2.776: [DefNew: 157248K->17472K(157248K), 0.1122819 secs] 318230K->318207K(506816K), 0.1123462 secs] [Times: user=0.12 sys=0.00, real=0.11 secs] 
2.936: [GC (Allocation Failure) 2.936: [DefNew: 157248K->157248K(157248K), 0.0000158 secs]2.936: [Tenured: 300735K->349567K(349568K), 0.2958457 secs] 457983K->457964K(506816K), [Metaspace: 3085K->3085K(1056768K)], 0.2959415 secs] [Times: user=0.30 sys=0.00, real=0.30 secs] 
3.276: [Full GC (Allocation Failure) 3.276: [Tenured: 349567K->39609K(349568K), 0.0653701 secs] 506815K->39609K(506816K), [Metaspace: 3085K->3085K(1056768K)], 0.0654429 secs] [Times: user=0.07 sys=0.00, real=0.07 secs] 
3.383: [GC (Allocation Failure) 3.383: [DefNew: 139776K->17471K(157248K), 0.0885929 secs] 179385K->179353K(506816K), 0.0886674 secs] [Times: user=0.09 sys=0.00, real=0.08 secs] 
3.515: [GC (Allocation Failure) 3.515: [DefNew: 157247K->17471K(157248K), 0.1110710 secs] 319129K->318536K(506816K), 0.1111556 secs] [Times: user=0.12 sys=0.00, real=0.11 secs] 
3.673: [GC (Allocation Failure) 3.673: [DefNew: 157247K->157247K(157248K), 0.0000154 secs]3.673: [Tenured: 301064K->349567K(349568K), 0.2928807 secs] 458312K->458303K(506816K), [Metaspace: 3085K->3085K(1056768K)], 0.2929790 secs] [Times: user=0.29 sys=0.01, real=0.29 secs] 
4.001: [Full GC (Allocation Failure) 4.001: [Tenured: 349567K->39612K(349568K), 0.0772183 secs] 506815K->39612K(506816K), [Metaspace: 3085K->3085K(1056768K)], 0.0773055 secs] [Times: user=0.08 sys=0.00, real=0.07 secs] 
4.125: [GC (Allocation Failure) 4.125: [DefNew: 139776K->17472K(157248K), 0.0866957 secs] 179388K->179382K(506816K), 0.0867745 secs] [Times: user=0.09 sys=0.00, real=0.09 secs] 
4.256: [GC (Allocation Failure) 4.256: [DefNew: 157248K->17471K(157248K), 0.1236222 secs] 319158K->319156K(506816K), 0.1237423 secs] [Times: user=0.12 sys=0.00, real=0.12 secs] 
4.429: [GC (Allocation Failure) 4.429: [DefNew: 157247K->157247K(157248K), 0.0000149 secs]4.429: [Tenured: 301684K->349567K(349568K), 0.2941938 secs] 458932K->458911K(506816K), [Metaspace: 3085K->3085K(1056768K)], 0.2942945 secs] [Times: user=0.29 sys=0.00, real=0.30 secs] 
4.758: [Full GC (Allocation Failure) 4.758: [Tenured: 349567K->39229K(349568K), 0.0673348 secs] 506815K->39229K(506816K), [Metaspace: 3085K->3085K(1056768K)], 0.0674156 secs] [Times: user=0.06 sys=0.00, real=0.07 secs] 
4.866: [GC (Allocation Failure) 4.866: [DefNew: 139776K->17471K(157248K), 0.0893013 secs] 179005K->178992K(506816K), 0.0893773 secs] [Times: user=0.09 sys=0.00, real=0.09 secs] 
5.002: [GC (Allocation Failure) 5.002: [DefNew: 157247K->17472K(157248K), 0.1127741 secs] 318768K->318738K(506816K), 0.1128557 secs] [Times: user=0.12 sys=0.00, real=0.11 secs] 
5.164: [GC (Allocation Failure) 5.164: [DefNew: 157248K->157248K(157248K), 0.0000152 secs]5.164: [Tenured: 301266K->349567K(349568K), 0.2909061 secs] 458514K->458493K(506816K), [Metaspace: 3085K->3085K(1056768K)], 0.2910080 secs] [Times: user=0.30 sys=0.00, real=0.29 secs] 
5.488: [Full GC (Allocation Failure) 5.489: [Tenured: 349567K->39614K(349568K), 0.0704198 secs] 506815K->39614K(506816K), [Metaspace: 3085K->3085K(1056768K)], 0.0704963 secs] [Times: user=0.07 sys=0.00, real=0.07 secs] 
5.600: [GC (Allocation Failure) 5.600: [DefNew: 139776K->17471K(157248K), 0.0918035 secs] 179390K->179386K(506816K), 0.0919026 secs] [Times: user=0.09 sys=0.01, real=0.09 secs] 
5.736: [GC (Allocation Failure) 5.736: [DefNew: 157247K->17472K(157248K), 0.1140540 secs] 319162K->318912K(506816K), 0.1141389 secs] [Times: user=0.12 sys=0.00, real=0.11 secs] 
5.898: [GC (Allocation Failure) 5.898: [DefNew: 157248K->157248K(157248K), 0.0000258 secs]5.898: [Tenured: 301440K->349567K(349568K), 0.3075944 secs] 458688K->458677K(506816K), [Metaspace: 3085K->3085K(1056768K)], 0.3077181 secs] [Times: user=0.30 sys=0.00, real=0.31 secs] 
6.239: [Full GC (Allocation Failure) 6.239: [Tenured: 349567K->39610K(349568K), 0.0657505 secs] 506815K->39610K(506816K), [Metaspace: 3085K->3085K(1056768K)], 0.0658191 secs] [Times: user=0.06 sys=0.00, real=0.07 secs] 
6.351: [GC (Allocation Failure) 6.351: [DefNew: 139776K->17471K(157248K), 0.0932066 secs] 179386K->179382K(506816K), 0.0932802 secs] [Times: user=0.09 sys=0.00, real=0.10 secs] 
6.488: [GC (Allocation Failure) 6.488: [DefNew: 157247K->17472K(157248K), 0.1133749 secs] 319158K->319132K(506816K), 0.1134505 secs] [Times: user=0.12 sys=0.00, real=0.12 secs] 
6.648: [GC (Allocation Failure) 6.648: [DefNew: 157248K->157248K(157248K), 0.0000159 secs]6.648: [Tenured: 301660K->349567K(349568K), 0.2977895 secs] 458908K->458900K(506816K), [Metaspace: 3085K->3085K(1056768K)], 0.2978870 secs] [Times: user=0.30 sys=0.00, real=0.30 secs] 
6.980: [Full GC (Allocation Failure) 6.980: [Tenured: 349567K->39452K(349568K), 0.0700338 secs] 506815K->39452K(506816K), [Metaspace: 3085K->3085K(1056768K)], 0.0701220 secs] [Times: user=0.06 sys=0.00, real=0.07 secs] 
7.092: [GC (Allocation Failure) 7.092: [DefNew: 139776K->17472K(157248K), 0.0953864 secs] 179228K->179216K(506816K), 0.0954617 secs] [Times: user=0.09 sys=0.00, real=0.10 secs] 
7.231: [GC (Allocation Failure) 7.231: [DefNew: 157248K->17471K(157248K), 0.1146131 secs] 318992K->318986K(506816K), 0.1146850 secs] [Times: user=0.11 sys=0.00, real=0.12 secs] 
7.393: [GC (Allocation Failure) 7.393: [DefNew: 157247K->157247K(157248K), 0.0000157 secs]7.393: [Tenured: 301514K->349567K(349568K), 0.2918897 secs] 458762K->458737K(506816K), [Metaspace: 3085K->3085K(1056768K)], 0.2919873 secs] [Times: user=0.29 sys=0.00, real=0.29 secs] 
7.720: [Full GC (Allocation Failure) 7.720: [Tenured: 349567K->39610K(349568K), 0.0655494 secs] 506815K->39610K(506816K), [Metaspace: 3085K->3085K(1056768K)], 0.0656528 secs] [Times: user=0.07 sys=0.00, real=0.07 secs] 
7.828: [GC (Allocation Failure) 7.828: [DefNew: 139776K->17471K(157248K), 0.0886349 secs] 179386K->179367K(506816K), 0.0887011 secs] [Times: user=0.09 sys=0.00, real=0.09 secs] 
7.960: [GC (Allocation Failure) 7.960: [DefNew: 157247K->17471K(157248K), 0.1239333 secs] 319143K->319032K(506816K), 0.1240064 secs] [Times: user=0.13 sys=0.00, real=0.12 secs] 
8.131: [GC (Allocation Failure) 8.131: [DefNew: 157247K->157247K(157248K), 0.0000157 secs]8.131: [Tenured: 301560K->349567K(349568K), 0.2949244 secs] 458808K->458782K(506816K), [Metaspace: 3085K->3085K(1056768K)], 0.2950273 secs] [Times: user=0.30 sys=0.00, real=0.30 secs] 
8.458: [Full GC (Allocation Failure) 8.458: [Tenured: 349567K->39610K(349568K), 0.0654155 secs] 506815K->39610K(506816K), [Metaspace: 3085K->3085K(1056768K)], 0.0654892 secs] [Times: user=0.07 sys=0.00, real=0.07 secs] 
8.564: [GC (Allocation Failure) 8.565: [DefNew: 139776K->17472K(157248K), 0.0933924 secs] 179386K->179383K(506816K), 0.0934612 secs] [Times: user=0.09 sys=0.00, real=0.09 secs] 
8.702: [GC (Allocation Failure) 8.702: [DefNew: 157248K->17471K(157248K), 0.1332522 secs] 319159K->319157K(506816K), 0.1333304 secs] [Times: user=0.14 sys=0.00, real=0.13 secs] 
8.882: [GC (Allocation Failure) 8.882: [DefNew: 157247K->157247K(157248K), 0.0000157 secs]8.882: [Tenured: 301685K->349567K(349568K), 0.3012935 secs] 458933K->458932K(506816K), [Metaspace: 3085K->3085K(1056768K)], 0.3013909 secs] [Times: user=0.31 sys=0.00, real=0.30 secs] 
9.217: [Full GC (Allocation Failure) 9.217: [Tenured: 349567K->39541K(349568K), 0.0656568 secs] 506815K->39541K(506816K), [Metaspace: 3085K->3085K(1056768K)], 0.0657585 secs] [Times: user=0.07 sys=0.00, real=0.07 secs] 
9.325: [GC (Allocation Failure) 9.325: [DefNew: 139776K->17472K(157248K), 0.0897191 secs] 179317K->179315K(506816K), 0.0897939 secs] [Times: user=0.09 sys=0.00, real=0.09 secs] 
9.465: [GC (Allocation Failure) 9.465: [DefNew: 157248K->17471K(157248K), 0.1228980 secs] 319091K->319066K(506816K), 0.1229702 secs] [Times: user=0.12 sys=0.00, real=0.12 secs] 
9.641: [GC (Allocation Failure) 9.641: [DefNew: 157247K->157247K(157248K), 0.0000160 secs]9.641: [Tenured: 301594K->349567K(349568K), 0.2957304 secs] 458842K->458841K(506816K), [Metaspace: 3085K->3085K(1056768K)], 0.2958302 secs] [Times: user=0.29 sys=0.01, real=0.29 secs] 
9.969: [Full GC (Allocation Failure) 9.969: [Tenured: 349567K->39613K(349568K), 0.0688292 secs] 506815K->39613K(506816K), [Metaspace: 3085K->3085K(1056768K)], 0.0689091 secs] [Times: user=0.07 sys=0.00, real=0.07 secs] 
10.080: [GC (Allocation Failure) 10.080: [DefNew: 139776K->17471K(157248K), 0.0888683 secs] 179389K->179370K(506816K), 0.0889437 secs] [Times: user=0.08 sys=0.01, real=0.09 secs] 
10.214: [GC (Allocation Failure) 10.214: [DefNew: 157247K->17472K(157248K), 0.1136457 secs] 319146K->319084K(506816K), 0.1137197 secs] [Times: user=0.10 sys=0.00, real=0.11 secs] 
10.374: [GC (Allocation Failure) 10.374: [DefNew: 157248K->157248K(157248K), 0.0000157 secs]10.374: [Tenured: 301612K->349567K(349568K), 0.2977237 secs] 458860K->458858K(506816K), [Metaspace: 3085K->3085K(1056768K)], 0.2978281 secs] [Times: user=0.27 sys=0.03, real=0.29 secs] 
10.707: [Full GC (Allocation Failure) 10.707: [Tenured: 349567K->39613K(349568K), 0.0711684 secs] 506815K->39613K(506816K), [Metaspace: 3085K->3085K(1056768K)], 0.0712490 secs] [Times: user=0.07 sys=0.00, real=0.07 secs] 
10.820: [GC (Allocation Failure) 10.820: [DefNew: 139776K->17471K(157248K), 0.0993913 secs] 179389K->179377K(506816K), 0.0994599 secs] [Times: user=0.09 sys=0.01, real=0.09 secs] 
10.971: [GC (Allocation Failure) 10.971: [DefNew: 157247K->17471K(157248K), 0.1294592 secs] 319153K->319137K(506816K), 0.1295419 secs] [Times: user=0.13 sys=0.00, real=0.14 secs] 
11.148: [GC (Allocation Failure) 11.148: [DefNew: 157247K->157247K(157248K), 0.0000164 secs]11.148: [Tenured: 301665K->349567K(349568K), 0.3054660 secs] 458913K->458896K(506816K), [Metaspace: 3085K->3085K(1056768K)], 0.3055754 secs] [Times: user=0.30 sys=0.00, real=0.31 secs] 
11.486: [Full GC (Allocation Failure) 11.486: [Tenured: 349567K->39583K(349568K), 0.0727196 secs] 506815K->39583K(506816K), [Metaspace: 3085K->3085K(1056768K)], 0.0728027 secs] [Times: user=0.07 sys=0.00, real=0.07 secs] 
11.601: [GC (Allocation Failure) 11.601: [DefNew: 139776K->17471K(157248K), 0.0955521 secs] 179359K->179337K(506816K), 0.0956214 secs] [Times: user=0.10 sys=0.00, real=0.09 secs] 
11.744: [GC (Allocation Failure) 11.744: [DefNew: 157247K->17471K(157248K), 0.1250726 secs] 319113K->319083K(506816K), 0.1251543 secs] [Times: user=0.13 sys=0.00, real=0.12 secs] 
11.918: [GC (Allocation Failure) 11.918: [DefNew: 157247K->157247K(157248K), 0.0000154 secs]11.918: [Tenured: 301611K->349567K(349568K), 0.2997773 secs] 458859K->458857K(506816K), [Metaspace: 3085K->3085K(1056768K)], 0.2998752 secs] [Times: user=0.30 sys=0.00, real=0.30 secs] 
12.255: [Full GC (Allocation Failure) 12.255: [Tenured: 349567K->39613K(349568K), 0.0686904 secs] 506815K->39613K(506816K), [Metaspace: 3085K->3085K(1056768K)], 0.0687662 secs] [Times: user=0.07 sys=0.00, real=0.07 secs] 
12.365: [GC (Allocation Failure) 12.365: [DefNew: 139776K->17471K(157248K), 0.0906974 secs] 179389K->179377K(506816K), 0.0907847 secs] [Times: user=0.08 sys=0.00, real=0.09 secs] 
12.499: [GC (Allocation Failure) 12.499: [DefNew: 157247K->17471K(157248K), 0.1137069 secs] 319153K->319118K(506816K), 0.1137827 secs] [Times: user=0.12 sys=0.00, real=0.12 secs] 
12.660: [GC (Allocation Failure) 12.660: [DefNew: 157247K->157247K(157248K), 0.0000184 secs]12.660: [Tenured: 301646K->349567K(349568K), 0.3001237 secs] 458894K->458885K(506816K), [Metaspace: 3085K->3085K(1056768K)], 0.3002650 secs] [Times: user=0.30 sys=0.01, real=0.31 secs] 
12.993: [Full GC (Allocation Failure) 12.993: [Tenured: 349567K->39612K(349568K), 0.0678170 secs] 506815K->39612K(506816K), [Metaspace: 3085K->3085K(1056768K)], 0.0678949 secs] [Times: user=0.06 sys=0.00, real=0.07 secs] 
13.102: [GC (Allocation Failure) 13.102: [DefNew: 139776K->17472K(157248K), 0.0973661 secs] 179388K->179387K(506816K), 0.0974474 secs] [Times: user=0.10 sys=0.00, real=0.09 secs] 
13.243: [GC (Allocation Failure) 13.243: [DefNew: 157248K->17471K(157248K), 0.1329492 secs] 319163K->319148K(506816K), 0.1330226 secs] [Times: user=0.14 sys=0.00, real=0.13 secs] 
13.423: [GC (Allocation Failure) 13.423: [DefNew: 157247K->157247K(157248K), 0.0000152 secs]13.423: [Tenured: 301676K->349567K(349568K), 0.2939490 secs] 458924K->458908K(506816K), [Metaspace: 3085K->3085K(1056768K)], 0.2940403 secs] [Times: user=0.30 sys=0.00, real=0.29 secs] 
13.755: [Full GC (Allocation Failure) 13.755: [Tenured: 349567K->39600K(349568K), 0.0770672 secs] 506815K->39600K(506816K), [Metaspace: 3085K->3085K(1056768K)], 0.0771475 secs] [Times: user=0.08 sys=0.01, real=0.07 secs] 
13.873: [GC (Allocation Failure) 13.873: [DefNew: 139776K->17471K(157248K), 0.0930132 secs] 179376K->179352K(506816K), 0.0930890 secs] [Times: user=0.09 sys=0.00, real=0.09 secs] 
14.011: [GC (Allocation Failure) 14.011: [DefNew: 157247K->17471K(157248K), 0.1184859 secs] 319128K->319097K(506816K), 0.1185671 secs] [Times: user=0.12 sys=0.00, real=0.12 secs] 
14.175: [GC (Allocation Failure) 14.176: [DefNew: 157247K->157247K(157248K), 0.0000175 secs]14.176: [Tenured: 301625K->349567K(349568K), 0.3001999 secs] 458873K->458871K(506816K), [Metaspace: 3085K->3085K(1056768K)], 0.3003218 secs] [Times: user=0.30 sys=0.00, real=0.30 secs] 
14.512: [Full GC (Allocation Failure) 14.512: [Tenured: 349567K->39613K(349568K), 0.0821716 secs] 506815K->39613K(506816K), [Metaspace: 3085K->3085K(1056768K)], 0.0822515 secs] [Times: user=0.08 sys=0.00, real=0.08 secs] 
14.637: [GC (Allocation Failure) 14.637: [DefNew: 139776K->17472K(157248K), 0.0969203 secs] 179389K->179384K(506816K), 0.0969937 secs] [Times: user=0.10 sys=0.00, real=0.10 secs] 
14.779: [GC (Allocation Failure) 14.779: [DefNew: 157248K->17471K(157248K), 0.1142653 secs] 319160K->319137K(506816K), 0.1143407 secs] [Times: user=0.11 sys=0.00, real=0.12 secs] 
14.940: [GC (Allocation Failure) 14.940: [DefNew: 157247K->157247K(157248K), 0.0000230 secs]14.940: [Tenured: 301665K->349567K(349568K), 0.2923326 secs] 458913K->458899K(506816K), [Metaspace: 3085K->3085K(1056768K)], 0.2924516 secs] [Times: user=0.29 sys=0.00, real=0.29 secs] 
15.266: [Full GC (Allocation Failure) 15.266: [Tenured: 349567K->39612K(349568K), 0.0680381 secs] 506815K->39612K(506816K), [Metaspace: 3085K->3085K(1056768K)], 0.0681057 secs] [Times: user=0.07 sys=0.00, real=0.07 secs] 
15.378: [GC (Allocation Failure) 15.378: [DefNew: 139776K->17471K(157248K), 0.0961625 secs] 179388K->179354K(506816K), 0.0962419 secs] [Times: user=0.10 sys=0.00, real=0.10 secs] 
15.519: [GC (Allocation Failure) 15.519: [DefNew: 157247K->17471K(157248K), 0.1160844 secs] 319130K->319128K(506816K), 0.1161583 secs] [Times: user=0.12 sys=0.00, real=0.12 secs] 
15.688: [GC (Allocation Failure) 15.688: [DefNew: 157247K->157247K(157248K), 0.0000169 secs]15.688: [Tenured: 301656K->349567K(349568K), 0.3027919 secs] 458904K->458893K(506816K), [Metaspace: 3085K->3085K(1056768K)], 0.3029012 secs] [Times: user=0.30 sys=0.00, real=0.30 secs] 
16.024: [Full GC (Allocation Failure) 16.024: [Tenured: 349567K->39607K(349568K), 0.0690513 secs] 506815K->39607K(506816K), [Metaspace: 3085K->3085K(1056768K)], 0.0691314 secs] [Times: user=0.06 sys=0.00, real=0.07 secs] 
16.134: [GC (Allocation Failure) 16.134: [DefNew: 139776K->17472K(157248K), 0.0883127 secs] 179383K->179349K(506816K), 0.0883916 secs] [Times: user=0.09 sys=0.00, real=0.09 secs] 
16.267: [GC (Allocation Failure) 16.267: [DefNew: 157248K->17471K(157248K), 0.1134786 secs] 319125K->319123K(506816K), 0.1135563 secs] [Times: user=0.11 sys=0.00, real=0.12 secs] 
16.427: [GC (Allocation Failure) 16.427: [DefNew: 157247K->157247K(157248K), 0.0000163 secs]16.427: [Tenured: 301651K->349567K(349568K), 0.2859133 secs] 458899K->458888K(506816K), [Metaspace: 3085K->3085K(1056768K)], 0.2860087 secs] [Times: user=0.28 sys=0.00, real=0.29 secs] 
16.745: [Full GC (Allocation Failure) 16.745: [Tenured: 349567K->39612K(349568K), 0.0694476 secs] 506815K->39612K(506816K), [Metaspace: 3086K->3086K(1056768K)], 0.0695262 secs] [Times: user=0.07 sys=0.00, real=0.07 secs] 
16.857: [GC (Allocation Failure) 16.857: [DefNew: 139776K->17471K(157248K), 0.0925889 secs] 179388K->179386K(506816K), 0.0926606 secs] [Times: user=0.09 sys=0.00, real=0.09 secs] 
16.993: [GC (Allocation Failure) 16.993: [DefNew: 157247K->17471K(157248K), 0.1165173 secs] 319162K->319145K(506816K), 0.1166008 secs] [Times: user=0.11 sys=0.00, real=0.11 secs] 
17.156: [GC (Allocation Failure) 17.156: [DefNew: 157247K->157247K(157248K), 0.0000168 secs]17.156: [Tenured: 301673K->349567K(349568K), 0.3107731 secs] 458921K->458906K(506816K), [Metaspace: 3086K->3086K(1056768K)], 0.3108700 secs] [Times: user=0.31 sys=0.00, real=0.31 secs] 
17.501: [Full GC (Allocation Failure) 17.501: [Tenured: 349567K->39612K(349568K), 0.0851485 secs] 506815K->39612K(506816K), [Metaspace: 3086K->3086K(1056768K)], 0.0852260 secs] [Times: user=0.09 sys=0.00, real=0.08 secs] 
17.633: [GC (Allocation Failure) 17.633: [DefNew: 139776K->17471K(157248K), 0.0891119 secs] 179388K->179357K(506816K), 0.0891863 secs] [Times: user=0.09 sys=0.00, real=0.09 secs] 
17.766: [GC (Allocation Failure) 17.766: [DefNew: 157247K->17471K(157248K), 0.1196029 secs] 319133K->319132K(506816K), 0.1196929 secs] [Times: user=0.12 sys=0.00, real=0.12 secs] 
17.933: [GC (Allocation Failure) 17.933: [DefNew: 157247K->157247K(157248K), 0.0000171 secs]17.933: [Tenured: 301660K->349567K(349568K), 0.2886520 secs] 458908K->458896K(506816K), [Metaspace: 3086K->3086K(1056768K)], 0.2887570 secs] [Times: user=0.29 sys=0.00, real=0.29 secs] 
18.257: [Full GC (Allocation Failure) 18.257: [Tenured: 349567K->39610K(349568K), 0.0671721 secs] 506815K->39610K(506816K), [Metaspace: 3086K->3086K(1056768K)], 0.0672550 secs] [Times: user=0.07 sys=0.00, real=0.07 secs] 
18.372: [GC (Allocation Failure) 18.372: [DefNew: 139776K->17471K(157248K), 0.0959169 secs] 179386K->179353K(506816K), 0.0959981 secs] [Times: user=0.10 sys=0.00, real=0.10 secs] 
18.512: [GC (Allocation Failure) 18.512: [DefNew: 157247K->17471K(157248K), 0.1179108 secs] 319129K->319127K(506816K), 0.1180457 secs] [Times: user=0.12 sys=0.00, real=0.11 secs] 
18.689: [GC (Allocation Failure) 18.689: [DefNew: 157247K->157247K(157248K), 0.0000187 secs]18.689: [Tenured: 301655K->349567K(349568K), 0.2967547 secs] 458903K->458891K(506816K), [Metaspace: 3086K->3086K(1056768K)], 0.2968604 secs] [Times: user=0.29 sys=0.00, real=0.30 secs] 
19.020: [Full GC (Allocation Failure) 19.020: [Tenured: 349567K->39612K(349568K), 0.0666817 secs] 506815K->39612K(506816K), [Metaspace: 3086K->3086K(1056768K)], 0.0667597 secs] [Times: user=0.07 sys=0.00, real=0.07 secs] 
19.127: [GC (Allocation Failure) 19.127: [DefNew: 139776K->17471K(157248K), 0.0914526 secs] 179388K->179386K(506816K), 0.0915265 secs] [Times: user=0.09 sys=0.00, real=0.09 secs] 
19.264: [GC (Allocation Failure) 19.264: [DefNew: 157247K->17471K(157248K), 0.1268236 secs] 319162K->319148K(506816K), 0.1269004 secs] [Times: user=0.12 sys=0.00, real=0.12 secs] 
19.439: [GC (Allocation Failure) 19.439: [DefNew: 157247K->157247K(157248K), 0.0000170 secs]19.439: [Tenured: 301676K->349567K(349568K), 0.2924975 secs] 458924K->458908K(506816K), [Metaspace: 3086K->3086K(1056768K)], 0.2925960 secs] [Times: user=0.30 sys=0.00, real=0.29 secs] 
19.781: [Full GC (Allocation Failure) 19.781: [Tenured: 349567K->39612K(349568K), 0.0683727 secs] 506815K->39612K(506816K), [Metaspace: 3086K->3086K(1056768K)], 0.0684574 secs] [Times: user=0.07 sys=0.00, real=0.06 secs] 
19.891: [GC (Allocation Failure) 19.891: [DefNew: 139776K->17472K(157248K), 0.0885665 secs] 179388K->179358K(506816K), 0.0886374 secs] [Times: user=0.09 sys=0.00, real=0.09 secs] 
20.024: [GC (Allocation Failure) 20.024: [DefNew: 157248K->17471K(157248K), 0.1173449 secs] 319134K->319133K(506816K), 0.1174184 secs] [Times: user=0.11 sys=0.00, real=0.12 secs] 
20.192: [GC (Allocation Failure) 20.192: [DefNew: 157247K->157247K(157248K), 0.0000158 secs]20.192: [Tenured: 301661K->349567K(349568K), 0.2913368 secs] 458909K->458898K(506816K), [Metaspace: 3086K->3086K(1056768K)], 0.2914446 secs] [Times: user=0.29 sys=0.00, real=0.30 secs] 
20.516: [Full GC (Allocation Failure) 20.517: [Tenured: 349567K->39611K(349568K), 0.0660208 secs] 506815K->39611K(506816K), [Metaspace: 3086K->3086K(1056768K)], 0.0660931 secs] [Times: user=0.06 sys=0.00, real=0.07 secs] 
20.628: [GC (Allocation Failure) 20.628: [DefNew: 139776K->17472K(157248K), 0.0910950 secs] 179387K->179353K(506816K), 0.0911740 secs] [Times: user=0.09 sys=0.00, real=0.09 secs] 
20.763: [GC (Allocation Failure) 20.763: [DefNew: 157248K->17472K(157248K), 0.1145952 secs] 319129K->319128K(506816K), 0.1146759 secs] [Times: user=0.12 sys=0.00, real=0.11 secs] 
20.937: [GC (Allocation Failure) 20.937: [DefNew: 157248K->157248K(157248K), 0.0000182 secs]20.937: [Tenured: 301656K->349567K(349568K), 0.2982804 secs] 458904K->458893K(506816K), [Metaspace: 3086K->3086K(1056768K)], 0.2983897 secs] [Times: user=0.30 sys=0.00, real=0.30 secs] 
21.268: [Full GC (Allocation Failure) 21.268: [Tenured: 349567K->39612K(349568K), 0.0658105 secs] 506815K->39612K(506816K), [Metaspace: 3086K->3086K(1056768K)], 0.0658854 secs] [Times: user=0.07 sys=0.00, real=0.07 secs] 
21.376: [GC (Allocation Failure) 21.376: [DefNew: 139776K->17471K(157248K), 0.0978331 secs] 179388K->179387K(506816K), 0.0979199 secs] [Times: user=0.10 sys=0.00, real=0.10 secs] 
21.518: [GC (Allocation Failure) 21.518: [DefNew: 157247K->17471K(157248K), 0.1146379 secs] 319163K->319148K(506816K), 0.1147095 secs] [Times: user=0.12 sys=0.00, real=0.12 secs] 
21.683: [GC (Allocation Failure) 21.683: [DefNew: 157247K->157247K(157248K), 0.0000170 secs]21.683: [Tenured: 301676K->349567K(349568K), 0.2929522 secs] 458924K->458908K(506816K), [Metaspace: 3086K->3086K(1056768K)], 0.2930596 secs] [Times: user=0.30 sys=0.00, real=0.29 secs] 
22.009: [Full GC (Allocation Failure) 22.009: [Tenured: 349567K->39612K(349568K), 0.0679058 secs] 506815K->39612K(506816K), [Metaspace: 3086K->3086K(1056768K)], 0.0679843 secs] [Times: user=0.07 sys=0.00, real=0.07 secs] 
22.119: [GC (Allocation Failure) 22.119: [DefNew: 139776K->17471K(157248K), 0.0903258 secs] 179388K->179358K(506816K), 0.0903990 secs] [Times: user=0.09 sys=0.00, real=0.09 secs] 
22.253: [GC (Allocation Failure) 22.253: [DefNew: 157247K->17472K(157248K), 0.1171564 secs] 319134K->319133K(506816K), 0.1172306 secs] [Times: user=0.12 sys=0.00, real=0.11 secs] 
22.416: [GC (Allocation Failure) 22.417: [DefNew: 157248K->157248K(157248K), 0.0000158 secs]22.417: [Tenured: 301661K->349567K(349568K), 0.3030940 secs] 458909K->458898K(506816K), [Metaspace: 3086K->3086K(1056768K)], 0.3031818 secs] [Times: user=0.30 sys=0.00, real=0.30 secs] 
22.753: [Full GC (Allocation Failure) 22.753: [Tenured: 349567K->39610K(349568K), 0.0663460 secs] 506815K->39610K(506816K), [Metaspace: 3086K->3086K(1056768K)], 0.0664221 secs] [Times: user=0.07 sys=0.00, real=0.06 secs] 
22.861: [GC (Allocation Failure) 22.861: [DefNew: 139776K->17471K(157248K), 0.0885628 secs] 179386K->179353K(506816K), 0.0886410 secs] [Times: user=0.09 sys=0.00, real=0.08 secs] 
22.994: [GC (Allocation Failure) 22.994: [DefNew: 157247K->17471K(157248K), 0.1181315 secs] 319129K->319098K(506816K), 0.1182049 secs] [Times: user=0.12 sys=0.00, real=0.11 secs] 
23.158: [GC (Allocation Failure) 23.158: [DefNew: 157247K->157247K(157248K), 0.0000165 secs]23.158: [Tenured: 301626K->349567K(349568K), 0.2996927 secs] 458874K->458872K(506816K), [Metaspace: 3086K->3086K(1056768K)], 0.2997972 secs] [Times: user=0.30 sys=0.00, real=0.30 secs] 
23.491: [Full GC (Allocation Failure) 23.491: [Tenured: 349567K->39613K(349568K), 0.0734444 secs] 506815K->39613K(506816K), [Metaspace: 3086K->3086K(1056768K)], 0.0735232 secs] [Times: user=0.07 sys=0.00, real=0.08 secs] 
23.606: [GC (Allocation Failure) 23.606: [DefNew: 139776K->17472K(157248K), 0.0889052 secs] 179389K->179385K(506816K), 0.0889768 secs] [Times: user=0.09 sys=0.00, real=0.09 secs] 
23.740: [GC (Allocation Failure) 23.740: [DefNew: 157248K->17471K(157248K), 0.1201018 secs] 319161K->319143K(506816K), 0.1201702 secs] [Times: user=0.12 sys=0.00, real=0.12 secs] 
23.907: [GC (Allocation Failure) 23.907: [DefNew: 157247K->157247K(157248K), 0.0000163 secs]23.907: [Tenured: 301671K->349567K(349568K), 0.2997219 secs] 458919K->458903K(506816K), [Metaspace: 3086K->3086K(1056768K)], 0.2998365 secs] [Times: user=0.30 sys=0.00, real=0.30 secs] 
24.239: [Full GC (Allocation Failure) 24.239: [Tenured: 349567K->39612K(349568K), 0.0709027 secs] 506815K->39612K(506816K), [Metaspace: 3086K->3086K(1056768K)], 0.0709783 secs] [Times: user=0.07 sys=0.01, real=0.07 secs] 
24.357: [GC (Allocation Failure) 24.357: [DefNew: 139776K->17471K(157248K), 0.1025801 secs] 179388K->179356K(506816K), 0.1026724 secs] [Times: user=0.10 sys=0.00, real=0.10 secs] 
24.503: [GC (Allocation Failure) 24.503: [DefNew: 157247K->17472K(157248K), 0.1176960 secs] 319132K->319130K(506816K), 0.1177669 secs] [Times: user=0.11 sys=0.00, real=0.12 secs] 
24.667: [GC (Allocation Failure) 24.667: [DefNew: 157248K->157248K(157248K), 0.0000150 secs]24.667: [Tenured: 301658K->349567K(349568K), 0.2960889 secs] 458906K->458895K(506816K), [Metaspace: 3086K->3086K(1056768K)], 0.2961905 secs] [Times: user=0.30 sys=0.00, real=0.30 secs] 
24.997: [Full GC (Allocation Failure) 24.997: [Tenured: 349567K->39610K(349568K), 0.0661560 secs] 506815K->39610K(506816K), [Metaspace: 3086K->3086K(1056768K)], 0.0662358 secs] [Times: user=0.07 sys=0.00, real=0.07 secs] 
25.105: [GC (Allocation Failure) 25.105: [DefNew: 139776K->17471K(157248K), 0.0875820 secs] 179386K->179352K(506816K), 0.0876621 secs] [Times: user=0.08 sys=0.00, real=0.09 secs] 
25.236: [GC (Allocation Failure) 25.236: [DefNew: 157247K->17471K(157248K), 0.1136972 secs] 319128K->319125K(506816K), 0.1137653 secs] [Times: user=0.11 sys=0.00, real=0.11 secs] 
25.407: [GC (Allocation Failure) 25.407: [DefNew: 157247K->157247K(157248K), 0.0000176 secs]25.407: [Tenured: 301653K->349567K(349568K), 0.2962814 secs] 458901K->458890K(506816K), [Metaspace: 3086K->3086K(1056768K)], 0.2963896 secs] [Times: user=0.29 sys=0.00, real=0.30 secs] 
25.736: [Full GC (Allocation Failure) 25.736: [Tenured: 349567K->39612K(349568K), 0.0659991 secs] 506815K->39612K(506816K), [Metaspace: 3086K->3086K(1056768K)], 0.0661360 secs] [Times: user=0.07 sys=0.00, real=0.07 secs] 
25.843: [GC (Allocation Failure) 25.843: [DefNew: 139776K->17471K(157248K), 0.0957366 secs] 179388K->179386K(506816K), 0.0958107 secs] [Times: user=0.10 sys=0.00, real=0.09 secs] 
25.983: [GC (Allocation Failure) 25.983: [DefNew: 157247K->17472K(157248K), 0.1179528 secs] 319162K->319147K(506816K), 0.1180253 secs] [Times: user=0.12 sys=0.00, real=0.12 secs] 
26.149: [GC (Allocation Failure) 26.149: [DefNew: 157248K->157248K(157248K), 0.0000168 secs]26.149: [Tenured: 301675K->349567K(349568K), 0.2940294 secs] 458923K->458907K(506816K), [Metaspace: 3086K->3086K(1056768K)], 0.2941412 secs] [Times: user=0.29 sys=0.00, real=0.30 secs] 
26.485: [Full GC (Allocation Failure) 26.485: [Tenured: 349567K->39612K(349568K), 0.0783108 secs] 506815K->39612K(506816K), [Metaspace: 3086K->3086K(1056768K)], 0.0783947 secs] [Times: user=0.08 sys=0.00, real=0.08 secs] 
26.644: [GC (Allocation Failure) 26.644: [DefNew: 139776K->17471K(157248K), 0.1018466 secs] 179388K->179358K(506816K), 0.1019951 secs] [Times: user=0.10 sys=0.00, real=0.10 secs] 
26.790: [GC (Allocation Failure) 26.790: [DefNew: 157247K->17471K(157248K), 0.1251888 secs] 319134K->319133K(506816K), 0.1252741 secs] [Times: user=0.12 sys=0.00, real=0.13 secs] 
26.962: [GC (Allocation Failure) 26.962: [DefNew: 157247K->157247K(157248K), 0.0000163 secs]26.962: [Tenured: 301661K->349567K(349568K), 0.2912638 secs] 458909K->458898K(506816K), [Metaspace: 3086K->3086K(1056768K)], 0.2913672 secs] [Times: user=0.29 sys=0.00, real=0.29 secs] 
27.287: [Full GC (Allocation Failure) 27.287: [Tenured: 349567K->39611K(349568K), 0.0672278 secs] 506815K->39611K(506816K), [Metaspace: 3087K->3087K(1056768K)], 0.0673179 secs] [Times: user=0.07 sys=0.00, real=0.07 secs] 
27.396: [GC (Allocation Failure) 27.396: [DefNew: 139776K->17471K(157248K), 0.0886270 secs] 179387K->179353K(506816K), 0.0887344 secs] [Times: user=0.09 sys=0.00, real=0.09 secs] 
27.528: [GC (Allocation Failure) 27.528: [DefNew: 157247K->17471K(157248K), 0.1150051 secs] 319129K->319127K(506816K), 0.1150862 secs] [Times: user=0.12 sys=0.00, real=0.12 secs] 
27.689: [GC (Allocation Failure) 27.689: [DefNew: 157247K->157247K(157248K), 0.0000164 secs]27.689: [Tenured: 301655K->349567K(349568K), 0.2969241 secs] 458903K->458892K(506816K), [Metaspace: 3087K->3087K(1056768K)], 0.2970353 secs] [Times: user=0.29 sys=0.00, real=0.30 secs] 
28.023: [Full GC (Allocation Failure) 28.023: [Tenured: 349567K->39612K(349568K), 0.0678237 secs] 506815K->39612K(506816K), [Metaspace: 3087K->3087K(1056768K)], 0.0678950 secs] [Times: user=0.07 sys=0.00, real=0.06 secs] 
28.134: [GC (Allocation Failure) 28.134: [DefNew: 139776K->17472K(157248K), 0.0923357 secs] 179388K->179387K(506816K), 0.0924135 secs] [Times: user=0.09 sys=0.00, real=0.09 secs] 
28.271: [GC (Allocation Failure) 28.271: [DefNew: 157248K->17472K(157248K), 0.1152644 secs] 319163K->319148K(506816K), 0.1153438 secs] [Times: user=0.11 sys=0.00, real=0.12 secs] 
28.434: [GC (Allocation Failure) 28.434: [DefNew: 157248K->157248K(157248K), 0.0000160 secs]28.434: [Tenured: 301676K->349567K(349568K), 0.3005802 secs] 458924K->458908K(506816K), [Metaspace: 3087K->3087K(1056768K)], 0.3006872 secs] [Times: user=0.30 sys=0.00, real=0.30 secs] 
28.769: [Full GC (Allocation Failure) 28.769: [Tenured: 349567K->39612K(349568K), 0.0735258 secs] 506815K->39612K(506816K), [Metaspace: 3088K->3088K(1056768K)], 0.0736043 secs] [Times: user=0.07 sys=0.00, real=0.08 secs] 
28.884: [GC (Allocation Failure) 28.884: [DefNew: 139776K->17471K(157248K), 0.0879197 secs] 179388K->179358K(506816K), 0.0879981 secs] [Times: user=0.09 sys=0.00, real=0.09 secs] 
29.016: [GC (Allocation Failure) 29.016: [DefNew: 157247K->17472K(157248K), 0.1210465 secs] 319134K->319133K(506816K), 0.1211196 secs] [Times: user=0.12 sys=0.00, real=0.12 secs] 
29.183: [GC (Allocation Failure) 29.183: [DefNew: 157248K->157248K(157248K), 0.0000161 secs]29.183: [Tenured: 301661K->349567K(349568K), 0.2932533 secs] 458909K->458898K(506816K), [Metaspace: 3088K->3088K(1056768K)], 0.2933588 secs] [Times: user=0.29 sys=0.00, real=0.29 secs] 
29.508: [Full GC (Allocation Failure) 29.509: [Tenured: 349567K->39610K(349568K), 0.0648436 secs] 506815K->39610K(506816K), [Metaspace: 3088K->3088K(1056768K)], 0.0649189 secs] [Times: user=0.06 sys=0.00, real=0.07 secs] 
29.615: [GC (Allocation Failure) 29.615: [DefNew: 139776K->17471K(157248K), 0.0888331 secs] 179386K->179353K(506816K), 0.0889065 secs] [Times: user=0.09 sys=0.00, real=0.09 secs] 
29.747: [GC (Allocation Failure) 29.747: [DefNew: 157247K->17472K(157248K), 0.1261005 secs] 319129K->319098K(506816K), 0.1261720 secs] [Times: user=0.12 sys=0.00, real=0.13 secs] 
29.923: [GC (Allocation Failure) 29.923: [DefNew: 157248K->157248K(157248K), 0.0000169 secs]29.923: [Tenured: 301626K->349567K(349568K), 0.3215711 secs] 458874K->458872K(506816K), [Metaspace: 3088K->3088K(1056768K)], 0.3216722 secs] [Times: user=0.32 sys=0.00, real=0.32 secs] 
30.277: [Full GC (Allocation Failure) 30.277: [Tenured: 349567K->39613K(349568K), 0.0670234 secs] 506815K->39613K(506816K), [Metaspace: 3088K->3088K(1056768K)], 0.0671045 secs] [Times: user=0.07 sys=0.00, real=0.07 secs] 
30.386: [GC (Allocation Failure) 30.386: [DefNew: 139776K->17471K(157248K), 0.0895629 secs] 179389K->179385K(506816K), 0.0896299 secs] [Times: user=0.09 sys=0.00, real=0.09 secs] 
30.520: [GC (Allocation Failure) 30.520: [DefNew: 157247K->17472K(157248K), 0.1183295 secs] 319161K->319143K(506816K), 0.1184014 secs] [Times: user=0.12 sys=0.00, real=0.11 secs] 
30.686: [GC (Allocation Failure) 30.686: [DefNew: 157248K->157248K(157248K), 0.0000160 secs]30.686: [Tenured: 301671K->349567K(349568K), 0.2937107 secs] 458919K->458903K(506816K), [Metaspace: 3088K->3088K(1056768K)], 0.2938173 secs] [Times: user=0.30 sys=0.00, real=0.30 secs] 
31.013: [Full GC (Allocation Failure) 31.013: [Tenured: 349567K->39612K(349568K), 0.0668877 secs] 506815K->39612K(506816K), [Metaspace: 3088K->3088K(1056768K)], 0.0669694 secs] [Times: user=0.07 sys=0.00, real=0.06 secs] 
31.121: [GC (Allocation Failure) 31.121: [DefNew: 139776K->17472K(157248K), 0.0880916 secs] 179388K->179356K(506816K), 0.0881626 secs] [Times: user=0.09 sys=0.00, real=0.08 secs] 
31.254: [GC (Allocation Failure) 31.254: [DefNew: 157248K->17472K(157248K), 0.1135982 secs] 319132K->319130K(506816K), 0.1136679 secs] [Times: user=0.12 sys=0.00, real=0.11 secs] 
31.414: [GC (Allocation Failure) 31.414: [DefNew: 157248K->157248K(157248K), 0.0000164 secs]31.414: [Tenured: 301658K->349567K(349568K), 0.2902521 secs] 458906K->458895K(506816K), [Metaspace: 3088K->3088K(1056768K)], 0.2903532 secs] [Times: user=0.29 sys=0.00, real=0.29 secs] 
31.738: [Full GC (Allocation Failure) 31.738: [Tenured: 349567K->39610K(349568K), 0.0675788 secs] 506815K->39610K(506816K), [Metaspace: 3088K->3088K(1056768K)], 0.0676557 secs] [Times: user=0.07 sys=0.00, real=0.07 secs] 
31.847: [GC (Allocation Failure) 31.847: [DefNew: 139776K->17472K(157248K), 0.0866588 secs] 179386K->179352K(506816K), 0.0867393 secs] [Times: user=0.08 sys=0.00, real=0.09 secs] 
31.980: [GC (Allocation Failure) 31.980: [DefNew: 157248K->17471K(157248K), 0.1137275 secs] 319128K->319125K(506816K), 0.1138039 secs] [Times: user=0.11 sys=0.00, real=0.11 secs] 
32.143: [GC (Allocation Failure) 32.143: [DefNew: 157247K->157247K(157248K), 0.0000259 secs]32.143: [Tenured: 301653K->349567K(349568K), 0.2899162 secs] 458901K->458890K(506816K), [Metaspace: 3088K->3088K(1056768K)], 0.2900713 secs] [Times: user=0.29 sys=0.00, real=0.29 secs] 
32.466: [Full GC (Allocation Failure) 32.466: [Tenured: 349567K->39612K(349568K), 0.0648392 secs] 506815K->39612K(506816K), [Metaspace: 3088K->3088K(1056768K)], 0.0649096 secs] [Times: user=0.07 sys=0.00, real=0.06 secs] 
32.578: [GC (Allocation Failure) 32.578: [DefNew: 139776K->17471K(157248K), 0.0869550 secs] 179388K->179386K(506816K), 0.0870349 secs] [Times: user=0.09 sys=0.00, real=0.09 secs] 
32.708: [GC (Allocation Failure) 32.708: [DefNew: 157247K->17472K(157248K), 0.1129955 secs] 319162K->319147K(506816K), 0.1130643 secs] [Times: user=0.11 sys=0.00, real=0.12 secs] 
32.869: [GC (Allocation Failure) 32.869: [DefNew: 157248K->157248K(157248K), 0.0000278 secs]32.869: [Tenured: 301675K->349567K(349568K), 0.2933930 secs] 458923K->458907K(506816K), [Metaspace: 3088K->3088K(1056768K)], 0.2935246 secs] [Times: user=0.29 sys=0.00, real=0.30 secs] 
33.211: [Full GC (Allocation Failure) 33.211: [Tenured: 349567K->39612K(349568K), 0.0647894 secs] 506815K->39612K(506816K), [Metaspace: 3088K->3088K(1056768K)], 0.0648720 secs] [Times: user=0.06 sys=0.00, real=0.07 secs] 
33.317: [GC (Allocation Failure) 33.317: [DefNew: 139776K->17471K(157248K), 0.0881959 secs] 179388K->179358K(506816K), 0.0882609 secs] [Times: user=0.09 sys=0.00, real=0.09 secs] 
33.449: [GC (Allocation Failure) 33.449: [DefNew: 157247K->17471K(157248K), 0.1178053 secs] 319134K->319133K(506816K), 0.1178835 secs] [Times: user=0.12 sys=0.00, real=0.12 secs] 
33.614: [GC (Allocation Failure) 33.614: [DefNew: 157247K->157247K(157248K), 0.0000306 secs]33.614: [Tenured: 301661K->349567K(349568K), 0.2940131 secs] 458909K->458898K(506816K), [Metaspace: 3088K->3088K(1056768K)], 0.2941389 secs] [Times: user=0.30 sys=0.00, real=0.29 secs] 
33.953: [Full GC (Allocation Failure) 33.953: [Tenured: 349567K->39611K(349568K), 0.0717439 secs] 506815K->39611K(506816K), [Metaspace: 3088K->3088K(1056768K)], 0.0718232 secs] [Times: user=0.07 sys=0.00, real=0.07 secs] 
34.068: [GC (Allocation Failure) 34.068: [DefNew: 139776K->17471K(157248K), 0.0861461 secs] 179387K->179353K(506816K), 0.0862176 secs] [Times: user=0.08 sys=0.00, real=0.09 secs] 
34.199: [GC (Allocation Failure) 34.199: [DefNew: 157247K->17472K(157248K), 0.1123739 secs] 319129K->319127K(506816K), 0.1124457 secs] [Times: user=0.11 sys=0.00, real=0.11 secs] 
34.359: [GC (Allocation Failure) 34.359: [DefNew: 157248K->157248K(157248K), 0.0000214 secs]34.359: [Tenured: 301655K->349567K(349568K), 0.2935084 secs] 458903K->458892K(506816K), [Metaspace: 3088K->3088K(1056768K)], 0.2936226 secs] [Times: user=0.30 sys=0.00, real=0.30 secs] 
34.686: [Full GC (Allocation Failure) 34.686: [Tenured: 349567K->39612K(349568K), 0.0694853 secs] 506815K->39612K(506816K), [Metaspace: 3088K->3088K(1056768K)], 0.0695728 secs] [Times: user=0.07 sys=0.00, real=0.07 secs] 
34.803: [GC (Allocation Failure) 34.803: [DefNew: 139776K->17472K(157248K), 0.0882412 secs] 179388K->179387K(506816K), 0.0883129 secs] [Times: user=0.09 sys=0.00, real=0.08 secs] 
34.936: [GC (Allocation Failure) 34.936: [DefNew: 157248K->17471K(157248K), 0.1138848 secs] 319163K->319148K(506816K), 0.1139598 secs] [Times: user=0.12 sys=0.00, real=0.11 secs] 
35.097: [GC (Allocation Failure) 35.097: [DefNew: 157247K->157247K(157248K), 0.0000203 secs]35.097: [Tenured: 301676K->349567K(349568K), 0.2940326 secs] 458924K->458908K(506816K), [Metaspace: 3088K->3088K(1056768K)], 0.2941521 secs] [Times: user=0.30 sys=0.00, real=0.29 secs] 
35.424: [Full GC (Allocation Failure) 35.424: [Tenured: 349567K->39612K(349568K), 0.0651348 secs] 506815K->39612K(506816K), [Metaspace: 3088K->3088K(1056768K)], 0.0652083 secs] [Times: user=0.07 sys=0.00, real=0.06 secs] 
35.531: [GC (Allocation Failure) 35.531: [DefNew: 139776K->17471K(157248K), 0.0877324 secs] 179388K->179358K(506816K), 0.0878089 secs] [Times: user=0.08 sys=0.00, real=0.09 secs] 
35.664: [GC (Allocation Failure) 35.664: [DefNew: 157247K->17472K(157248K), 0.1214756 secs] 319134K->319133K(506816K), 0.1215609 secs] [Times: user=0.12 sys=0.00, real=0.12 secs] 
35.833: [GC (Allocation Failure) 35.833: [DefNew: 157248K->157248K(157248K), 0.0000160 secs]35.833: [Tenured: 301661K->349567K(349568K), 0.2920496 secs] 458909K->458898K(506816K), [Metaspace: 3088K->3088K(1056768K)], 0.2921513 secs] [Times: user=0.29 sys=0.00, real=0.29 secs] 
36.157: [Full GC (Allocation Failure) 36.157: [Tenured: 349567K->39610K(349568K), 0.0653319 secs] 506815K->39610K(506816K), [Metaspace: 3088K->3088K(1056768K)], 0.0654054 secs] [Times: user=0.07 sys=0.00, real=0.07 secs] 
36.270: [GC (Allocation Failure) 36.270: [DefNew: 139776K->17472K(157248K), 0.0963913 secs] 179386K->179353K(506816K), 0.0964733 secs] [Times: user=0.09 sys=0.00, real=0.10 secs] 
36.410: [GC (Allocation Failure) 36.410: [DefNew: 157248K->17472K(157248K), 0.1168632 secs] 319129K->319098K(506816K), 0.1169559 secs] [Times: user=0.12 sys=0.00, real=0.12 secs] 
36.574: [GC (Allocation Failure) 36.574: [DefNew: 157248K->157248K(157248K), 0.0000147 secs]36.574: [Tenured: 301626K->349567K(349568K), 0.2900227 secs] 458874K->458872K(506816K), [Metaspace: 3088K->3088K(1056768K)], 0.2901176 secs] [Times: user=0.29 sys=0.00, real=0.29 secs] 
36.900: [Full GC (Allocation Failure) 36.900: [Tenured: 349567K->39613K(349568K), 0.0647756 secs] 506815K->39613K(506816K), [Metaspace: 3088K->3088K(1056768K)], 0.0648620 secs] [Times: user=0.06 sys=0.00, real=0.07 secs] 
37.007: [GC (Allocation Failure) 37.007: [DefNew: 139776K->17471K(157248K), 0.0876771 secs] 179389K->179385K(506816K), 0.0877502 secs] [Times: user=0.08 sys=0.00, real=0.09 secs] 
37.139: [GC (Allocation Failure) 37.139: [DefNew: 157247K->17472K(157248K), 0.1117899 secs] 319161K->319143K(506816K), 0.1118647 secs] [Times: user=0.11 sys=0.00, real=0.11 secs] 
37.301: [GC (Allocation Failure) 37.301: [DefNew: 157248K->157248K(157248K), 0.0000166 secs]37.301: [Tenured: 301671K->349567K(349568K), 0.2926670 secs] 458919K->458903K(506816K), [Metaspace: 3088K->3088K(1056768K)], 0.2927657 secs] [Times: user=0.29 sys=0.00, real=0.29 secs] 
37.628: [Full GC (Allocation Failure) 37.628: [Tenured: 349567K->39612K(349568K), 0.0783442 secs] 506815K->39612K(506816K), [Metaspace: 3088K->3088K(1056768K)], 0.0784368 secs] [Times: user=0.08 sys=0.00, real=0.08 secs] 
37.759: [GC (Allocation Failure) 37.759: [DefNew: 139776K->17472K(157248K), 0.1072922 secs] 179388K->179356K(506816K), 0.1073766 secs] [Times: user=0.10 sys=0.00, real=0.11 secs] 
37.911: [GC (Allocation Failure) 37.911: [DefNew: 157248K->17472K(157248K), 0.1154949 secs] 319132K->319130K(506816K), 0.1155689 secs] [Times: user=0.12 sys=0.00, real=0.12 secs] 
38.073: [GC (Allocation Failure) 38.073: [DefNew: 157248K->157248K(157248K), 0.0000155 secs]38.073: [Tenured: 301658K->349567K(349568K), 0.2928802 secs] 458906K->458895K(506816K), [Metaspace: 3088K->3088K(1056768K)], 0.2929787 secs] [Times: user=0.29 sys=0.00, real=0.29 secs] 
38.400: [Full GC (Allocation Failure) 38.400: [Tenured: 349567K->39610K(349568K), 0.0651038 secs] 506815K->39610K(506816K), [Metaspace: 3089K->3089K(1056768K)], 0.0651781 secs] [Times: user=0.07 sys=0.00, real=0.06 secs] 
38.509: [GC (Allocation Failure) 38.509: [DefNew: 139776K->17472K(157248K), 0.0871870 secs] 179386K->179352K(506816K), 0.0872549 secs] [Times: user=0.08 sys=0.00, real=0.09 secs] 
38.640: [GC (Allocation Failure) 38.640: [DefNew: 157248K->17471K(157248K), 0.1112507 secs] 319128K->319125K(506816K), 0.1113225 secs] [Times: user=0.11 sys=0.00, real=0.10 secs] 
38.805: [GC (Allocation Failure) 38.805: [DefNew: 157247K->157247K(157248K), 0.0000165 secs]38.805: [Tenured: 301653K->349567K(349568K), 0.2890076 secs] 458901K->458890K(506816K), [Metaspace: 3089K->3089K(1056768K)], 0.2891063 secs] [Times: user=0.29 sys=0.00, real=0.29 secs] 
39.131: [Full GC (Allocation Failure) 39.131: [Tenured: 349567K->39612K(349568K), 0.0645816 secs] 506815K->39612K(506816K), [Metaspace: 3089K->3089K(1056768K)], 0.0646558 secs] [Times: user=0.06 sys=0.00, real=0.07 secs] 
39.237: [GC (Allocation Failure) 39.237: [DefNew: 139776K->17471K(157248K), 0.0912905 secs] 179388K->179386K(506816K), 0.0913701 secs] [Times: user=0.09 sys=0.00, real=0.09 secs] 
39.377: [GC (Allocation Failure) 39.377: [DefNew: 157247K->17472K(157248K), 0.1131683 secs] 319162K->319147K(506816K), 0.1132439 secs] [Times: user=0.11 sys=0.00, real=0.11 secs] 
39.539: [GC (Allocation Failure) 39.539: [DefNew: 157248K->157248K(157248K), 0.0000161 secs]39.539: [Tenured: 301675K->349567K(349568K), 0.2862249 secs] 458923K->458907K(506816K), [Metaspace: 3089K->3089K(1056768K)], 0.2863238 secs] [Times: user=0.29 sys=0.00, real=0.29 secs] 
39.859: [Full GC (Allocation Failure) 39.859: [Tenured: 349567K->39612K(349568K), 0.0657729 secs] 506815K->39612K(506816K), [Metaspace: 3089K->3089K(1056768K)], 0.0658490 secs] [Times: user=0.06 sys=0.00, real=0.07 secs] 
39.967: [GC (Allocation Failure) 39.967: [DefNew: 139776K->17472K(157248K), 0.0903748 secs] 179388K->179358K(506816K), 0.0904489 secs] [Times: user=0.09 sys=0.00, real=0.09 secs] 
40.102: [GC (Allocation Failure) 40.102: [DefNew: 157248K->17471K(157248K), 0.1357540 secs] 319134K->319133K(506816K), 0.1358299 secs] [Times: user=0.14 sys=0.00, real=0.13 secs] 
40.285: [GC (Allocation Failure) 40.285: [DefNew: 157247K->157247K(157248K), 0.0000159 secs]40.285: [Tenured: 301661K->349567K(349568K), 0.2898966 secs] 458909K->458898K(506816K), [Metaspace: 3089K->3089K(1056768K)], 0.2899906 secs] [Times: user=0.28 sys=0.00, real=0.29 secs] 
40.607: [Full GC (Allocation Failure) 40.608: [Tenured: 349567K->39611K(349568K), 0.0653291 secs] 506815K->39611K(506816K), [Metaspace: 3089K->3089K(1056768K)], 0.0654051 secs] [Times: user=0.06 sys=0.00, real=0.07 secs] 
40.714: [GC (Allocation Failure) 40.714: [DefNew: 139776K->17472K(157248K), 0.0864734 secs] 179387K->179353K(506816K), 0.0865399 secs] [Times: user=0.09 sys=0.00, real=0.09 secs] 
40.845: [GC (Allocation Failure) 40.845: [DefNew: 157248K->17471K(157248K), 0.1129230 secs] 319129K->319127K(506816K), 0.1129964 secs] [Times: user=0.11 sys=0.00, real=0.11 secs] 
41.005: [GC (Allocation Failure) 41.005: [DefNew: 157247K->157247K(157248K), 0.0000247 secs]41.005: [Tenured: 301655K->349567K(349568K), 0.2951041 secs] 458903K->458892K(506816K), [Metaspace: 3089K->3089K(1056768K)], 0.2952440 secs] [Times: user=0.29 sys=0.00, real=0.30 secs] 
41.337: [Full GC (Allocation Failure) 41.337: [Tenured: 349567K->39612K(349568K), 0.0655269 secs] 506815K->39612K(506816K), [Metaspace: 3089K->3089K(1056768K)], 0.0656022 secs] [Times: user=0.06 sys=0.00, real=0.07 secs] 
41.444: [GC (Allocation Failure) 41.444: [DefNew: 139776K->17471K(157248K), 0.0876935 secs] 179388K->179387K(506816K), 0.0877641 secs] [Times: user=0.09 sys=0.00, real=0.08 secs] 
41.575: [GC (Allocation Failure) 41.575: [DefNew: 157247K->17471K(157248K), 0.1144348 secs] 319163K->319148K(506816K), 0.1145040 secs] [Times: user=0.12 sys=0.00, real=0.11 secs] 
41.738: [GC (Allocation Failure) 41.738: [DefNew: 157247K->157247K(157248K), 0.0000154 secs]41.738: [Tenured: 301676K->349567K(349568K), 0.2913220 secs] 458924K->458908K(506816K), [Metaspace: 3089K->3089K(1056768K)], 0.2914190 secs] [Times: user=0.30 sys=0.00, real=0.29 secs] 
42.066: [Full GC (Allocation Failure) 42.066: [Tenured: 349567K->39612K(349568K), 0.0676552 secs] 506815K->39612K(506816K), [Metaspace: 3089K->3089K(1056768K)], 0.0677296 secs] [Times: user=0.07 sys=0.00, real=0.07 secs] 
42.181: [GC (Allocation Failure) 42.181: [DefNew: 139776K->17472K(157248K), 0.0897083 secs] 179388K->179358K(506816K), 0.0897752 secs] [Times: user=0.09 sys=0.00, real=0.08 secs] 
42.316: [GC (Allocation Failure) 42.316: [DefNew: 157248K->17471K(157248K), 0.1146440 secs] 319134K->319133K(506816K), 0.1147202 secs] [Times: user=0.12 sys=0.00, real=0.11 secs] 
42.477: [GC (Allocation Failure) 42.477: [DefNew: 157247K->157247K(157248K), 0.0000159 secs]42.477: [Tenured: 301661K->349567K(349568K), 0.2939055 secs] 458909K->458898K(506816K), [Metaspace: 3089K->3089K(1056768K)], 0.2940048 secs] [Times: user=0.30 sys=0.00, real=0.29 secs] 
42.805: [Full GC (Allocation Failure) 42.805: [Tenured: 349567K->39611K(349568K), 0.0662604 secs] 506815K->39611K(506816K), [Metaspace: 3089K->3089K(1056768K)], 0.0663422 secs] [Times: user=0.07 sys=0.00, real=0.06 secs] 
42.913: [GC (Allocation Failure) 42.913: [DefNew: 139776K->17471K(157248K), 0.0883628 secs] 179387K->179354K(506816K), 0.0884357 secs] [Times: user=0.09 sys=0.00, real=0.09 secs] 
43.047: [GC (Allocation Failure) 43.047: [DefNew: 157247K->17471K(157248K), 0.1283638 secs] 319130K->319098K(506816K), 0.1284331 secs] [Times: user=0.13 sys=0.00, real=0.13 secs] 
43.222: [GC (Allocation Failure) 43.222: [DefNew: 157247K->157247K(157248K), 0.0000157 secs]43.222: [Tenured: 301626K->349567K(349568K), 0.2954361 secs] 458874K->458872K(506816K), [Metaspace: 3089K->3089K(1056768K)], 0.2955432 secs] [Times: user=0.30 sys=0.00, real=0.29 secs] 
43.551: [Full GC (Allocation Failure) 43.551: [Tenured: 349567K->39613K(349568K), 0.0651161 secs] 506815K->39613K(506816K), [Metaspace: 3089K->3089K(1056768K)], 0.0652021 secs] [Times: user=0.07 sys=0.00, real=0.07 secs] 
43.658: [GC (Allocation Failure) 43.658: [DefNew: 139776K->17472K(157248K), 0.0889755 secs] 179389K->179385K(506816K), 0.0890521 secs] [Times: user=0.09 sys=0.00, real=0.09 secs] 
43.790: [GC (Allocation Failure) 43.791: [DefNew: 157248K->17471K(157248K), 0.1160713 secs] 319161K->319143K(506816K), 0.1161437 secs] [Times: user=0.12 sys=0.00, real=0.12 secs] 
43.955: [GC (Allocation Failure) 43.955: [DefNew: 157247K->157247K(157248K), 0.0000168 secs]43.955: [Tenured: 301671K->349567K(349568K), 0.2972352 secs] 458919K->458903K(506816K), [Metaspace: 3089K->3089K(1056768K)], 0.2973329 secs] [Times: user=0.30 sys=0.00, real=0.30 secs] 
44.286: [Full GC (Allocation Failure) 44.286: [Tenured: 349567K->39612K(349568K), 0.0670409 secs] 506815K->39612K(506816K), [Metaspace: 3089K->3089K(1056768K)], 0.0671297 secs] [Times: user=0.07 sys=0.00, real=0.07 secs] 
44.395: [GC (Allocation Failure) 44.395: [DefNew: 139776K->17471K(157248K), 0.0943364 secs] 179388K->179356K(506816K), 0.0944107 secs] [Times: user=0.09 sys=0.00, real=0.09 secs] 
44.534: [GC (Allocation Failure) 44.534: [DefNew: 157247K->17471K(157248K), 0.1177670 secs] 319132K->319130K(506816K), 0.1178401 secs] [Times: user=0.11 sys=0.00, real=0.11 secs] 
44.699: [GC (Allocation Failure) 44.699: [DefNew: 157247K->157247K(157248K), 0.0000359 secs]44.699: [Tenured: 301658K->349567K(349568K), 0.2946303 secs] 458906K->458895K(506816K), [Metaspace: 3089K->3089K(1056768K)], 0.2947900 secs] [Times: user=0.30 sys=0.00, real=0.30 secs] 
45.028: [Full GC (Allocation Failure) 45.028: [Tenured: 349567K->39611K(349568K), 0.0665880 secs] 506815K->39611K(506816K), [Metaspace: 3089K->3089K(1056768K)], 0.0666674 secs] [Times: user=0.07 sys=0.00, real=0.07 secs] 
45.139: [GC (Allocation Failure) 45.139: [DefNew: 139776K->17471K(157248K), 0.0892568 secs] 179387K->179352K(506816K), 0.0893386 secs] [Times: user=0.09 sys=0.01, real=0.09 secs] 
45.273: [GC (Allocation Failure) 45.273: [DefNew: 157247K->17471K(157248K), 0.1152984 secs] 319128K->319126K(506816K), 0.1153636 secs] [Times: user=0.12 sys=0.00, real=0.11 secs] 
45.436: [GC (Allocation Failure) 45.436: [DefNew: 157247K->157247K(157248K), 0.0000167 secs]45.436: [Tenured: 301654K->349567K(349568K), 0.2946081 secs] 458902K->458891K(506816K), [Metaspace: 3089K->3089K(1056768K)], 0.2947064 secs] [Times: user=0.29 sys=0.00, real=0.29 secs] 
45.765: [Full GC (Allocation Failure) 45.765: [Tenured: 349567K->39612K(349568K), 0.0709571 secs] 506815K->39612K(506816K), [Metaspace: 3089K->3089K(1056768K)], 0.0710412 secs] [Times: user=0.08 sys=0.00, real=0.07 secs] 
45.877: [GC (Allocation Failure) 45.877: [DefNew: 139776K->17471K(157248K), 0.0864592 secs] 179388K->179386K(506816K), 0.0865278 secs] [Times: user=0.08 sys=0.00, real=0.09 secs] 
46.014: [GC (Allocation Failure) 46.014: [DefNew: 157247K->17471K(157248K), 0.1135966 secs] 319162K->319147K(506816K), 0.1136685 secs] [Times: user=0.12 sys=0.00, real=0.11 secs] 
46.174: [GC (Allocation Failure) 46.174: [DefNew: 157247K->157247K(157248K), 0.0000168 secs]46.174: [Tenured: 301675K->349567K(349568K), 0.2891222 secs] 458923K->458907K(506816K), [Metaspace: 3089K->3089K(1056768K)], 0.2892215 secs] [Times: user=0.29 sys=0.00, real=0.29 secs] 
46.496: [Full GC (Allocation Failure) 46.496: [Tenured: 349567K->39612K(349568K), 0.0648237 secs] 506815K->39612K(506816K), [Metaspace: 3089K->3089K(1056768K)], 0.0648994 secs] [Times: user=0.06 sys=0.00, real=0.07 secs] 
46.601: [GC (Allocation Failure) 46.601: [DefNew: 139776K->17472K(157248K), 0.0928452 secs] 179388K->179358K(506816K), 0.0929188 secs] [Times: user=0.09 sys=0.00, real=0.09 secs] 
46.747: [GC (Allocation Failure) 46.747: [DefNew: 157248K->17471K(157248K), 0.1158810 secs] 319134K->319133K(506816K), 0.1159638 secs] [Times: user=0.11 sys=0.00, real=0.12 secs] 
46.917: [GC (Allocation Failure) 46.917: [DefNew: 157247K->157247K(157248K), 0.0000169 secs]46.917: [Tenured: 301661K->349567K(349568K), 0.3030065 secs] 458909K->458898K(506816K), [Metaspace: 3089K->3089K(1056768K)], 0.3031264 secs] [Times: user=0.30 sys=0.00, real=0.31 secs] 
47.253: [Full GC (Allocation Failure) 47.253: [Tenured: 349567K->39611K(349568K), 0.0682920 secs] 506815K->39611K(506816K), [Metaspace: 3089K->3089K(1056768K)], 0.0683751 secs] [Times: user=0.07 sys=0.00, real=0.07 secs] 
47.367: [GC (Allocation Failure) 47.367: [DefNew: 139776K->17471K(157248K), 0.0884642 secs] 179387K->179353K(506816K), 0.0885343 secs] [Times: user=0.09 sys=0.00, real=0.09 secs] 
47.500: [GC (Allocation Failure) 47.500: [DefNew: 157247K->17471K(157248K), 0.1145697 secs] 319129K->319128K(506816K), 0.1146384 secs] [Times: user=0.11 sys=0.00, real=0.12 secs] 
47.661: [GC (Allocation Failure) 47.661: [DefNew: 157247K->157247K(157248K), 0.0000154 secs]47.661: [Tenured: 301656K->349567K(349568K), 0.2991150 secs] 458904K->458893K(506816K), [Metaspace: 3089K->3089K(1056768K)], 0.2992121 secs] [Times: user=0.30 sys=0.00, real=0.30 secs] 
47.993: [Full GC (Allocation Failure) 47.993: [Tenured: 349567K->39612K(349568K), 0.0708274 secs] 506815K->39612K(506816K), [Metaspace: 3089K->3089K(1056768K)], 0.0709082 secs] [Times: user=0.07 sys=0.00, real=0.07 secs] 
48.106: [GC (Allocation Failure) 48.106: [DefNew: 139776K->17471K(157248K), 0.0913377 secs] 179388K->179387K(506816K), 0.0914150 secs] [Times: user=0.09 sys=0.00, real=0.09 secs] 
48.241: [GC (Allocation Failure) 48.241: [DefNew: 157247K->17471K(157248K), 0.1158926 secs] 319163K->319148K(506816K), 0.1159666 secs] [Times: user=0.11 sys=0.00, real=0.11 secs] 
48.405: [GC (Allocation Failure) 48.406: [DefNew: 157247K->157247K(157248K), 0.0000165 secs]48.406: [Tenured: 301676K->349567K(349568K), 0.3016582 secs] 458924K->458908K(506816K), [Metaspace: 3089K->3089K(1056768K)], 0.3017585 secs] [Times: user=0.30 sys=0.00, real=0.30 secs] 
48.740: [Full GC (Allocation Failure) 48.740: [Tenured: 349567K->39612K(349568K), 0.0665444 secs] 506815K->39612K(506816K), [Metaspace: 3089K->3089K(1056768K)], 0.0666126 secs] [Times: user=0.06 sys=0.00, real=0.06 secs] 
48.849: [GC (Allocation Failure) 48.849: [DefNew: 139776K->17471K(157248K), 0.0954603 secs] 179388K->179358K(506816K), 0.0955233 secs] [Times: user=0.10 sys=0.00, real=0.10 secs] 
48.989: [GC (Allocation Failure) 48.989: [DefNew: 157247K->17472K(157248K), 0.1175446 secs] 319134K->319133K(506816K), 0.1176192 secs] [Times: user=0.12 sys=0.00, real=0.12 secs] 
49.154: [GC (Allocation Failure) 49.154: [DefNew: 157248K->157248K(157248K), 0.0000162 secs]49.154: [Tenured: 301661K->349567K(349568K), 0.2983288 secs] 458909K->458898K(506816K), [Metaspace: 3089K->3089K(1056768K)], 0.2984312 secs] [Times: user=0.30 sys=0.00, real=0.30 secs] 
49.489: [Full GC (Allocation Failure) 49.489: [Tenured: 349567K->39610K(349568K), 0.0674599 secs] 506815K->39610K(506816K), [Metaspace: 3089K->3089K(1056768K)], 0.0675318 secs] [Times: user=0.07 sys=0.00, real=0.07 secs] 
49.598: [GC (Allocation Failure) 49.598: [DefNew: 139776K->17471K(157248K), 0.0912358 secs] 179386K->179353K(506816K), 0.0913073 secs] [Times: user=0.09 sys=0.00, real=0.09 secs] 
49.733: [GC (Allocation Failure) 49.733: [DefNew: 157247K->17471K(157248K), 0.1159894 secs] 319129K->319098K(506816K), 0.1160883 secs] [Times: user=0.11 sys=0.00, real=0.11 secs] 
49.897: [GC (Allocation Failure) 49.897: [DefNew: 157247K->157247K(157248K), 0.0000164 secs]49.897: [Tenured: 301626K->349567K(349568K), 0.2978228 secs] 458874K->458872K(506816K), [Metaspace: 3089K->3089K(1056768K)], 0.2979222 secs] [Times: user=0.30 sys=0.00, real=0.30 secs] 
50.228: [Full GC (Allocation Failure) 50.228: [Tenured: 349567K->39613K(349568K), 0.0690921 secs] 506815K->39613K(506816K), [Metaspace: 3089K->3089K(1056768K)], 0.0691674 secs] [Times: user=0.07 sys=0.00, real=0.07 secs] 
50.339: [GC (Allocation Failure) 50.339: [DefNew: 139776K->17471K(157248K), 0.0938429 secs] 179389K->179385K(506816K), 0.0939216 secs] [Times: user=0.09 sys=0.00, real=0.10 secs] 
50.477: [GC (Allocation Failure) 50.477: [DefNew: 157247K->17472K(157248K), 0.1171307 secs] 319161K->319143K(506816K), 0.1172115 secs] [Times: user=0.12 sys=0.00, real=0.12 secs] 
50.641: [GC (Allocation Failure) 50.641: [DefNew: 157248K->157248K(157248K), 0.0000171 secs]50.641: [Tenured: 301671K->349567K(349568K), 0.3053275 secs] 458919K->458903K(506816K), [Metaspace: 3089K->3089K(1056768K)], 0.3054347 secs] [Times: user=0.30 sys=0.00, real=0.30 secs] 
50.981: [Full GC (Allocation Failure) 50.981: [Tenured: 349567K->39612K(349568K), 0.0674985 secs] 506815K->39612K(506816K), [Metaspace: 3089K->3089K(1056768K)], 0.0675863 secs] [Times: user=0.06 sys=0.00, real=0.06 secs] 
51.092: [GC (Allocation Failure) 51.092: [DefNew: 139776K->17471K(157248K), 0.0926896 secs] 179388K->179356K(506816K), 0.0927776 secs] [Times: user=0.09 sys=0.00, real=0.10 secs] 
51.228: [GC (Allocation Failure) 51.229: [DefNew: 157247K->17471K(157248K), 0.1166516 secs] 319132K->319130K(506816K), 0.1167228 secs] [Times: user=0.12 sys=0.00, real=0.12 secs] 
51.393: [GC (Allocation Failure) 51.393: [DefNew: 157247K->157247K(157248K), 0.0000162 secs]51.393: [Tenured: 301658K->349567K(349568K), 0.3032204 secs] 458906K->458895K(506816K), [Metaspace: 3089K->3089K(1056768K)], 0.3033275 secs] [Times: user=0.30 sys=0.00, real=0.30 secs] 
51.729: [Full GC (Allocation Failure) 51.729: [Tenured: 349567K->39611K(349568K), 0.0703891 secs] 506815K->39611K(506816K), [Metaspace: 3089K->3089K(1056768K)], 0.0704875 secs] [Times: user=0.07 sys=0.00, real=0.08 secs] 
51.847: [GC (Allocation Failure) 51.847: [DefNew: 139776K->17471K(157248K), 0.0927828 secs] 179387K->179352K(506816K), 0.0928514 secs] [Times: user=0.09 sys=0.00, real=0.10 secs] 
51.984: [GC (Allocation Failure) 51.984: [DefNew: 157247K->17471K(157248K), 0.1185881 secs] 319128K->319126K(506816K), 0.1186573 secs] [Times: user=0.12 sys=0.00, real=0.12 secs] 
52.150: [GC (Allocation Failure) 52.150: [DefNew: 157247K->157247K(157248K), 0.0000171 secs]52.150: [Tenured: 301654K->349567K(349568K), 0.3015537 secs] 458902K->458891K(506816K), [Metaspace: 3089K->3089K(1056768K)], 0.3016782 secs] [Times: user=0.30 sys=0.01, real=0.31 secs] 
52.489: [Full GC (Allocation Failure) 52.489: [Tenured: 349567K->39612K(349568K), 0.0675501 secs] 506815K->39612K(506816K), [Metaspace: 3089K->3089K(1056768K)], 0.0676265 secs] [Times: user=0.07 sys=0.00, real=0.07 secs] 
52.599: [GC (Allocation Failure) 52.599: [DefNew: 139776K->17471K(157248K), 0.0903963 secs] 179388K->179386K(506816K), 0.0904716 secs] [Times: user=0.09 sys=0.00, real=0.09 secs] 
52.735: [GC (Allocation Failure) 52.735: [DefNew: 157247K->17471K(157248K), 0.1165638 secs] 319162K->317749K(506816K), 0.1166395 secs] [Times: user=0.12 sys=0.00, real=0.11 secs] 
52.899: [GC (Allocation Failure) 52.899: [DefNew: 157247K->157247K(157248K), 0.0000159 secs]52.899: [Tenured: 300278K->349567K(349568K), 0.2981135 secs] 457525K->457515K(506816K), [Metaspace: 3090K->3090K(1056768K)], 0.2982172 secs] [Times: user=0.29 sys=0.00, real=0.30 secs] 
53.235: [Full GC (Allocation Failure) 53.235: [Tenured: 349567K->39613K(349568K), 0.0753540 secs] 506815K->39613K(506816K), [Metaspace: 3094K->3094K(1056768K)], 0.0754371 secs] [Times: user=0.08 sys=0.00, real=0.07 secs] 
53.352: [GC (Allocation Failure) 53.352: [DefNew: 139776K->17471K(157248K), 0.0956272 secs] 179389K->179363K(506816K), 0.0957211 secs] [Times: user=0.10 sys=0.00, real=0.09 secs] 
53.498: [GC (Allocation Failure) 53.498: [DefNew: 157247K->17471K(157248K), 0.1200485 secs] 319139K->319126K(506816K), 0.1201209 secs] [Times: user=0.12 sys=0.00, real=0.12 secs] 
53.666: [GC (Allocation Failure) 53.666: [DefNew: 157247K->157247K(157248K), 0.0000160 secs]53.666: [Tenured: 301654K->349567K(349568K), 0.3018304 secs] 458902K->458888K(506816K), [Metaspace: 3094K->3094K(1056768K)], 0.3019416 secs] [Times: user=0.30 sys=0.00, real=0.30 secs] 
54.001: [Full GC (Allocation Failure) 54.001: [Tenured: 349567K->39610K(349568K), 0.0668229 secs] 506815K->39610K(506816K), [Metaspace: 3094K->3094K(1056768K)], 0.0668961 secs] [Times: user=0.07 sys=0.00, real=0.06 secs] 
54.109: [GC (Allocation Failure) 54.109: [DefNew: 139776K->17471K(157248K), 0.0937303 secs] 179386K->179360K(506816K), 0.0938035 secs] [Times: user=0.09 sys=0.00, real=0.10 secs] 
54.247: [GC (Allocation Failure) 54.247: [DefNew: 157247K->17471K(157248K), 0.1170763 secs] 319136K->319129K(506816K), 0.1171479 secs] [Times: user=0.12 sys=0.00, real=0.12 secs] 
54.416: [GC (Allocation Failure) 54.416: [DefNew: 157247K->157247K(157248K), 0.0000166 secs]54.416: [Tenured: 301657K->349567K(349568K), 0.3027532 secs] 458905K->458902K(506816K), [Metaspace: 3094K->3094K(1056768K)], 0.3028486 secs] [Times: user=0.30 sys=0.00, real=0.30 secs] 
54.754: [Full GC (Allocation Failure) 54.754: [Tenured: 349567K->39612K(349568K), 0.0667281 secs] 506815K->39612K(506816K), [Metaspace: 3094K->3094K(1056768K)], 0.0668054 secs] [Times: user=0.07 sys=0.00, real=0.07 secs] 
54.863: [GC (Allocation Failure) 54.863: [DefNew: 139776K->17471K(157248K), 0.0927804 secs] 179388K->179380K(506816K), 0.0928570 secs] [Times: user=0.10 sys=0.00, real=0.09 secs] 
55.008: [GC (Allocation Failure) 55.008: [DefNew: 157247K->17472K(157248K), 0.1258048 secs] 319156K->319138K(506816K), 0.1258834 secs] [Times: user=0.12 sys=0.00, real=0.13 secs] 
55.182: [GC (Allocation Failure) 55.182: [DefNew: 157248K->157248K(157248K), 0.0000165 secs]55.182: [Tenured: 301666K->349567K(349568K), 0.3074006 secs] 458914K->458898K(506816K), [Metaspace: 3094K->3094K(1056768K)], 0.3074980 secs] [Times: user=0.31 sys=0.00, real=0.30 secs] 
55.525: [Full GC (Allocation Failure) 55.525: [Tenured: 349567K->39613K(349568K), 0.0663665 secs] 506815K->39613K(506816K), [Metaspace: 3094K->3094K(1056768K)], 0.0664472 secs] [Times: user=0.07 sys=0.00, real=0.06 secs] 
55.633: [GC (Allocation Failure) 55.633: [DefNew: 139776K->17471K(157248K), 0.0921807 secs] 179389K->179387K(506816K), 0.0922529 secs] [Times: user=0.09 sys=0.00, real=0.09 secs] 
55.771: [GC (Allocation Failure) 55.771: [DefNew: 157247K->17471K(157248K), 0.1224282 secs] 319163K->319151K(506816K), 0.1224984 secs] [Times: user=0.12 sys=0.00, real=0.13 secs] 
55.941: [GC (Allocation Failure) 55.941: [DefNew: 157247K->157247K(157248K), 0.0000165 secs]55.941: [Tenured: 301679K->349567K(349568K), 0.3075151 secs] 458927K->458912K(506816K), [Metaspace: 3094K->3094K(1056768K)], 0.3076098 secs] [Times: user=0.31 sys=0.00, real=0.30 secs] 
56.283: [Full GC (Allocation Failure) 56.283: [Tenured: 349567K->39610K(349568K), 0.0658874 secs] 506815K->39610K(506816K), [Metaspace: 3096K->3096K(1056768K)], 0.0659729 secs] [Times: user=0.07 sys=0.00, real=0.06 secs] 
56.392: [GC (Allocation Failure) 56.392: [DefNew: 139776K->17471K(157248K), 0.0932166 secs] 179386K->179359K(506816K), 0.0932928 secs] [Times: user=0.10 sys=0.00, real=0.10 secs] 
56.529: [GC (Allocation Failure) 56.529: [DefNew: 157247K->17472K(157248K), 0.1174535 secs] 319135K->319134K(506816K), 0.1175188 secs] [Times: user=0.12 sys=0.00, real=0.12 secs] 
56.694: [GC (Allocation Failure) 56.694: [DefNew: 157248K->157248K(157248K), 0.0000169 secs]56.694: [Tenured: 301662K->349567K(349568K), 0.3035588 secs] 458910K->458899K(506816K), [Metaspace: 3096K->3096K(1056768K)], 0.3036677 secs] [Times: user=0.30 sys=0.00, real=0.30 secs] 
57.034: [Full GC (Allocation Failure) 57.034: [Tenured: 349567K->39613K(349568K), 0.0668579 secs] 506815K->39613K(506816K), [Metaspace: 3096K->3096K(1056768K)], 0.0669505 secs] [Times: user=0.06 sys=0.00, real=0.07 secs] 
57.143: [GC (Allocation Failure) 57.143: [DefNew: 139776K->17472K(157248K), 0.0899020 secs] 179389K->179355K(506816K), 0.0899729 secs] [Times: user=0.10 sys=0.00, real=0.09 secs] 
57.277: [GC (Allocation Failure) 57.277: [DefNew: 157248K->17471K(157248K), 0.1179075 secs] 319131K->319127K(506816K), 0.1179825 secs] [Times: user=0.12 sys=0.00, real=0.12 secs] 
57.443: [GC (Allocation Failure) 57.443: [DefNew: 157247K->157247K(157248K), 0.0000160 secs]57.443: [Tenured: 301655K->349567K(349568K), 0.3060571 secs] 458903K->458893K(506816K), [Metaspace: 3098K->3098K(1056768K)], 0.3061648 secs] [Times: user=0.31 sys=0.00, real=0.30 secs] 
57.786: [Full GC (Allocation Failure) 57.786: [Tenured: 349567K->39613K(349568K), 0.0732708 secs] 506815K->39613K(506816K), [Metaspace: 3098K->3098K(1056768K)], 0.0733533 secs] [Times: user=0.07 sys=0.00, real=0.07 secs] 
57.902: [GC (Allocation Failure) 57.902: [DefNew: 139776K->17471K(157248K), 0.0903664 secs] 179389K->179387K(506816K), 0.0904348 secs] [Times: user=0.10 sys=0.00, real=0.09 secs] 
58.039: [GC (Allocation Failure) 58.039: [DefNew: 157247K->17472K(157248K), 0.1188438 secs] 319163K->319150K(506816K), 0.1189173 secs] [Times: user=0.12 sys=0.00, real=0.12 secs] 
58.208: [GC (Allocation Failure) 58.208: [DefNew: 157248K->157248K(157248K), 0.0000224 secs]58.208: [Tenured: 301678K->349567K(349568K), 0.3053268 secs] 458926K->458910K(506816K), [Metaspace: 3098K->3098K(1056768K)], 0.3054431 secs] [Times: user=0.31 sys=0.00, real=0.31 secs] 
58.553: [Full GC (Allocation Failure) 58.553: [Tenured: 349567K->39610K(349568K), 0.0676820 secs] 506815K->39610K(506816K), [Metaspace: 3098K->3098K(1056768K)], 0.0677583 secs] [Times: user=0.06 sys=0.00, real=0.07 secs] 
58.664: [GC (Allocation Failure) 58.664: [DefNew: 139776K->17471K(157248K), 0.0916619 secs] 179386K->179358K(506816K), 0.0917446 secs] [Times: user=0.08 sys=0.01, real=0.09 secs] 
58.802: [GC (Allocation Failure) 58.802: [DefNew: 157247K->17472K(157248K), 0.1185894 secs] 319134K->319133K(506816K), 0.1186613 secs] [Times: user=0.12 sys=0.00, real=0.12 secs] 
58.969: [GC (Allocation Failure) 58.969: [DefNew: 157248K->157248K(157248K), 0.0000158 secs]58.969: [Tenured: 301661K->349567K(349568K), 0.3048269 secs] 458909K->458898K(506816K), [Metaspace: 3098K->3098K(1056768K)], 0.3049241 secs] [Times: user=0.30 sys=0.00, real=0.31 secs] 
59.308: [Full GC (Allocation Failure) 59.308: [Tenured: 349567K->39613K(349568K), 0.0721215 secs] 506815K->39613K(506816K), [Metaspace: 3098K->3098K(1056768K)], 0.0721865 secs] [Times: user=0.07 sys=0.00, real=0.08 secs] 
59.423: [GC (Allocation Failure) 59.423: [DefNew: 139776K->17471K(157248K), 0.0875976 secs] 179389K->179355K(506816K), 0.0876643 secs] [Times: user=0.09 sys=0.00, real=0.08 secs] 
59.556: [GC (Allocation Failure) 59.556: [DefNew: 157247K->17471K(157248K), 0.1174772 secs] 319131K->319126K(506816K), 0.1175515 secs] [Times: user=0.11 sys=0.00, real=0.12 secs] 
59.722: [GC (Allocation Failure) 59.722: [DefNew: 157247K->157247K(157248K), 0.0000168 secs]59.722: [Tenured: 301654K->349567K(349568K), 0.2963425 secs] 458902K->458892K(506816K), [Metaspace: 3098K->3098K(1056768K)], 0.2964430 secs] [Times: user=0.30 sys=0.00, real=0.29 secs] 
60.053: [Full GC (Allocation Failure) 60.054: [Tenured: 349567K->39613K(349568K), 0.0669402 secs] 506815K->39613K(506816K), [Metaspace: 3098K->3098K(1056768K)], 0.0670166 secs] [Times: user=0.07 sys=0.00, real=0.07 secs] 
60.163: [GC (Allocation Failure) 60.163: [DefNew: 139776K->17471K(157248K), 0.0941339 secs] 179389K->179387K(506816K), 0.0942238 secs] [Times: user=0.09 sys=0.00, real=0.09 secs] 
60.303: [GC (Allocation Failure) 60.303: [DefNew: 157247K->17471K(157248K), 0.1165931 secs] 319163K->319150K(506816K), 0.1166639 secs] [Times: user=0.11 sys=0.01, real=0.11 secs] 
60.467: [GC (Allocation Failure) 60.467: [DefNew: 157247K->157247K(157248K), 0.0000168 secs]60.467: [Tenured: 301678K->349567K(349568K), 0.2961837 secs] 458926K->458910K(506816K), [Metaspace: 3098K->3098K(1056768K)], 0.2962987 secs] [Times: user=0.29 sys=0.00, real=0.30 secs] 
60.801: [Full GC (Allocation Failure) 60.801: [Tenured: 349567K->39610K(349568K), 0.0672786 secs] 506815K->39610K(506816K), [Metaspace: 3098K->3098K(1056768K)], 0.0673618 secs] [Times: user=0.07 sys=0.00, real=0.06 secs] 
60.910: [GC (Allocation Failure) 60.910: [DefNew: 139776K->17471K(157248K), 0.0891482 secs] 179386K->179358K(506816K), 0.0892181 secs] [Times: user=0.09 sys=0.00, real=0.09 secs] 
61.047: [GC (Allocation Failure) 61.047: [DefNew: 157247K->17471K(157248K), 0.1156593 secs] 319134K->319133K(506816K), 0.1157290 secs] [Times: user=0.11 sys=0.00, real=0.12 secs] 
61.211: [GC (Allocation Failure) 61.211: [DefNew: 157247K->157247K(157248K), 0.0000161 secs]61.211: [Tenured: 301661K->349567K(349568K), 0.3071112 secs] 458909K->458898K(506816K), [Metaspace: 3098K->3098K(1056768K)], 0.3072872 secs] [Times: user=0.31 sys=0.00, real=0.31 secs] 
61.575: [Full GC (Allocation Failure) 61.575: [Tenured: 349567K->39613K(349568K), 0.0785903 secs] 506815K->39613K(506816K), [Metaspace: 3098K->3098K(1056768K)], 0.0786698 secs] [Times: user=0.08 sys=0.00, real=0.08 secs] 
61.695: [GC (Allocation Failure) 61.695: [DefNew: 139776K->17472K(157248K), 0.0927367 secs] 179389K->179355K(506816K), 0.0928033 secs] [Times: user=0.09 sys=0.00, real=0.09 secs] 
61.833: [GC (Allocation Failure) 61.833: [DefNew: 157248K->17471K(157248K), 0.1162796 secs] 319131K->319126K(506816K), 0.1163521 secs] [Times: user=0.12 sys=0.00, real=0.11 secs] 
61.998: [GC (Allocation Failure) 61.998: [DefNew: 157247K->157247K(157248K), 0.0000256 secs]61.998: [Tenured: 301654K->349567K(349568K), 0.2949510 secs] 458902K->458892K(506816K), [Metaspace: 3098K->3098K(1056768K)], 0.2950560 secs] [Times: user=0.29 sys=0.00, real=0.30 secs] 
Heap
 def new generation   total 157248K, used 144921K [0x00000000e0000000, 0x00000000eaaa0000, 0x00000000eaaa0000)
  eden space 139776K, 100% used [0x00000000e0000000, 0x00000000e8880000, 0x00000000e8880000)
  from space 17472K,  29% used [0x00000000e8880000, 0x00000000e8d87898, 0x00000000e9990000)
  to   space 17472K,   0% used [0x00000000e9990000, 0x00000000e9990000, 0x00000000eaaa0000)
 tenured generation   total 349568K, used 349567K [0x00000000eaaa0000, 0x0000000100000000, 0x0000000100000000)
   the space 349568K,  99% used [0x00000000eaaa0000, 0x00000000ffffff50, 0x0000000100000000, 0x0000000100000000)
 Metaspace       used 3106K, capacity 4500K, committed 4864K, reserved 1056768K
  class space    used 336K, capacity 388K, committed 512K, reserved 1048576K
